Component: ARM Compiler 5.06 update 2 (build 183) Tool: armlink [4d35b7]

==============================================================================

Section Cross References

    main.o(.text) refers to stm32f4xx_hal_rcc.o(.text) for HAL_RCC_OscConfig
    main.o(.text) refers to stm32f4xx_hal_gpio.o(.text) for HAL_GPIO_Init
    main.o(.text) refers to rt_cmsis.o(i.osDelay) for osDelay
    main.o(.text) refers to rt_cmsis.o(i.osKernelInitialize) for osKernelInitialize
    main.o(.text) refers to rt_cmsis.o(i.osKernelStart) for osKernelStart
    main.o(.text) refers to rt_cmsis.o(i.osThreadCreate) for osThreadCreate
    main.o(.text) refers to usart_stm32f4xx.o(.constdata) for Driver_USART1
    main.o(.text) refers to main.o(.constdata) for os_thread_def_Blinky
    main.o(.ARM.exidx) refers to main.o(.text) for .text
    main.o(.constdata) refers to main.o(.text) for Blinky(const void*)
    rtx_conf_cm.o(.ARM.Collect$$$$000000FF) refers to rt_cmsis.o(i.osKernelInitialize) for osKernelInitialize
    rtx_conf_cm.o(.ARM.Collect$$$$000000FF) refers to rt_cmsis.o(i.osThreadCreate) for osThreadCreate
    rtx_conf_cm.o(.ARM.Collect$$$$000000FF) refers to rt_cmsis.o(i.osKernelStart) for osKernelStart
    rtx_conf_cm.o(.ARM.Collect$$$$000000FF) refers to rtx_conf_cm.o(.constdata) for .constdata
    rtx_conf_cm.o(.constdata) refers to rt_cmsis.o(i.osTimerThread) for osTimerThread
    rtx_conf_cm.o(.constdata) refers to rtx_conf_cm.o(.bss) for os_messageQ_q_osTimerMessageQ
    rtx_conf_cm.o(.constdata) refers to main.o(.text) for main
    usart_stm32f4xx.o(.text) refers to memseta.o(.text) for __aeabi_memclr4
    usart_stm32f4xx.o(.text) refers to stm32f4xx_hal_gpio.o(.text) for HAL_GPIO_DeInit
    usart_stm32f4xx.o(.text) refers to stm32f4xx_hal_cortex.o(.text) for HAL_NVIC_DisableIRQ
    usart_stm32f4xx.o(.text) refers to usart_stm32f4xx.o(.constdata) for usart_driver_version
    usart_stm32f4xx.o(.text) refers to stm32f4xx_hal_dma.o(.text) for HAL_DMA_Abort
    usart_stm32f4xx.o(.constdata) refers to stm32f4xx_hal_rcc.o(.text) for HAL_RCC_GetPCLK2Freq
    usart_stm32f4xx.o(.constdata) refers to usart_stm32f4xx.o(.bss) for USART1_Info
    usart_stm32f4xx.o(.constdata) refers to usart_stm32f4xx.o(.text) for USARTx_GetVersion
    startup_stm32f407xx.o(RESET) refers to startup_stm32f407xx.o(STACK) for __initial_sp
    startup_stm32f407xx.o(RESET) refers to startup_stm32f407xx.o(.text) for Reset_Handler
    startup_stm32f407xx.o(RESET) refers to hal_cm4.o(.emb_text) for SVC_Handler
    startup_stm32f407xx.o(RESET) refers to usart_stm32f4xx.o(.text) for USART1_IRQHandler
    startup_stm32f407xx.o(.text) refers to system_stm32f4xx.o(.text) for SystemInit
    startup_stm32f407xx.o(.text) refers to entry.o(.ARM.Collect$$$$00000000) for __main
    system_stm32f4xx.o(.text) refers to system_stm32f4xx.o(.data) for SystemCoreClock
    system_stm32f4xx.o(.text) refers to system_stm32f4xx.o(.constdata) for AHBPrescTable
    stm32f4xx_hal.o(.text) refers to stm32f4xx_hal_rcc.o(.text) for HAL_RCC_GetHCLKFreq
    stm32f4xx_hal.o(.text) refers to stm32f4xx_hal_cortex.o(.text) for HAL_SYSTICK_Config
    stm32f4xx_hal.o(.text) refers to stm32f4xx_hal.o(.data) for uwTick
    stm32f4xx_hal_pwr_ex.o(.text) refers to stm32f4xx_hal.o(.text) for HAL_GetTick
    stm32f4xx_hal_rcc.o(.text) refers to stm32f4xx_hal.o(.text) for HAL_GetTick
    stm32f4xx_hal_rcc.o(.text) refers to stm32f4xx_hal_gpio.o(.text) for HAL_GPIO_Init
    stm32f4xx_hal_rcc.o(.text) refers to stm32f4xx_hal_rcc.o(.constdata) for APBAHBPrescTable
    stm32f4xx_hal_rcc.o(.text) refers to system_stm32f4xx.o(.data) for SystemCoreClock
    stm32f4xx_hal_rcc_ex.o(.text) refers to stm32f4xx_hal.o(.text) for HAL_GetTick
    stm32f4xx_hal_dma.o(.text) refers to stm32f4xx_hal.o(.text) for HAL_GetTick
    stm32f4xx_hal_dma.o(.text) refers to stm32f4xx_hal_dma.o(.constdata) for flagBitshiftOffset
    stm32f4xx_hal_usart.o(.text) refers to stm32f4xx_hal_rcc.o(.text) for HAL_RCC_GetPCLK2Freq
    stm32f4xx_hal_usart.o(.text) refers to stm32f4xx_hal.o(.text) for HAL_GetTick
    stm32f4xx_hal_usart.o(.text) refers to stm32f4xx_hal_dma.o(.text) for HAL_DMA_Start_IT
    rt_cmsis.o(i.isrMessageGet) refers to rt_mailbox.o(i.isr_mbx_receive) for isr_mbx_receive
    rt_cmsis.o(i.isrMessagePut) refers to rt_mailbox.o(i.rt_mbx_check) for rt_mbx_check
    rt_cmsis.o(i.isrMessagePut) refers to rt_mailbox.o(i.isr_mbx_send) for isr_mbx_send
    rt_cmsis.o(i.isrSemaphoreRelease) refers to rt_cmsis.o(i.rt_id2obj) for rt_id2obj
    rt_cmsis.o(i.isrSemaphoreRelease) refers to rt_semaphore.o(i.isr_sem_send) for isr_sem_send
    rt_cmsis.o(i.isrSignalSet) refers to rt_cmsis.o(i.rt_tid2ptcb) for rt_tid2ptcb
    rt_cmsis.o(i.isrSignalSet) refers to rt_event.o(i.isr_evt_set) for isr_evt_set
    rt_cmsis.o(i.osDelay) refers to rt_cmsis.o(i.svcDelay) for svcDelay
    rt_cmsis.o(i.osKernelInitialize) refers to rt_cmsis.o(i.svcKernelInitialize) for svcKernelInitialize
[...]
    rt_mailbox.o(i.rt_mbx_psh) refers to rt_membox.o(i.rt_alloc_box) for rt_alloc_box
    rt_mailbox.o(i.rt_mbx_psh) refers to rt_list.o(i.rt_get_first) for rt_get_first
    rt_mailbox.o(i.rt_mbx_psh) refers to hal_cm.o(i.rt_ret_val) for rt_ret_val
    rt_mailbox.o(i.rt_mbx_psh) refers to rt_list.o(i.rt_rmv_dly) for rt_rmv_dly
    rt_mailbox.o(i.rt_mbx_psh) refers to rt_list.o(i.rt_put_prio) for rt_put_prio
    rt_mailbox.o(i.rt_mbx_psh) refers to hal_cm.o(i.rt_ret_val2) for rt_ret_val2
    rt_mailbox.o(i.rt_mbx_psh) refers to rtx_conf_cm.o(.text) for os_error
    rt_mailbox.o(i.rt_mbx_psh) refers to rt_list.o(.bss) for os_rdy
    rt_mailbox.o(i.rt_mbx_send) refers to rt_list.o(i.rt_put_prio) for rt_put_prio
    rt_mailbox.o(i.rt_mbx_send) refers to rt_list.o(i.rt_get_first) for rt_get_first
    rt_mailbox.o(i.rt_mbx_send) refers to hal_cm.o(i.rt_ret_val2) for rt_ret_val2
    rt_mailbox.o(i.rt_mbx_send) refers to rt_list.o(i.rt_rmv_dly) for rt_rmv_dly
    rt_mailbox.o(i.rt_mbx_send) refers to rt_task.o(i.rt_dispatch) for rt_dispatch
    rt_mailbox.o(i.rt_mbx_send) refers to rt_task.o(i.rt_block) for rt_block
    rt_mailbox.o(i.rt_mbx_send) refers to rt_task.o(.data) for os_tsk
    rt_mailbox.o(i.rt_mbx_wait) refers to rt_list.o(i.rt_get_first) for rt_get_first
    rt_mailbox.o(i.rt_mbx_wait) refers to hal_cm.o(i.rt_ret_val) for rt_ret_val
    rt_mailbox.o(i.rt_mbx_wait) refers to rt_list.o(i.rt_rmv_dly) for rt_rmv_dly
    rt_mailbox.o(i.rt_mbx_wait) refers to rt_task.o(i.rt_dispatch) for rt_dispatch
    rt_mailbox.o(i.rt_mbx_wait) refers to rt_list.o(i.rt_put_prio) for rt_put_prio
    rt_mailbox.o(i.rt_mbx_wait) refers to rt_task.o(i.rt_block) for rt_block
    rt_mailbox.o(i.rt_mbx_wait) refers to rt_task.o(.data) for os_tsk
    rt_semaphore.o(i.isr_sem_send) refers to rt_list.o(i.rt_psq_enq) for rt_psq_enq
    rt_semaphore.o(i.isr_sem_send) refers to rt_system.o(i.rt_psh_req) for rt_psh_req
    rt_semaphore.o(i.rt_sem_delete) refers to rt_list.o(i.rt_get_first) for rt_get_first
    rt_semaphore.o(i.rt_sem_delete) refers to hal_cm.o(i.rt_ret_val) for rt_ret_val
    rt_semaphore.o(i.rt_sem_delete) refers to rt_list.o(i.rt_rmv_dly) for rt_rmv_dly
    rt_semaphore.o(i.rt_sem_delete) refers to rt_list.o(i.rt_put_prio) for rt_put_prio
    rt_semaphore.o(i.rt_sem_delete) refers to rt_task.o(i.rt_dispatch) for rt_dispatch
    rt_semaphore.o(i.rt_sem_delete) refers to rt_list.o(.bss) for os_rdy
    rt_semaphore.o(i.rt_sem_delete) refers to rt_task.o(.data) for os_tsk
    rt_semaphore.o(i.rt_sem_psh) refers to rt_list.o(i.rt_get_first) for rt_get_first
    rt_semaphore.o(i.rt_sem_psh) refers to rt_list.o(i.rt_rmv_dly) for rt_rmv_dly
    rt_semaphore.o(i.rt_sem_psh) refers to hal_cm.o(i.rt_ret_val) for rt_ret_val
    rt_semaphore.o(i.rt_sem_psh) refers to rt_list.o(i.rt_put_prio) for rt_put_prio
    rt_semaphore.o(i.rt_sem_psh) refers to rt_list.o(.bss) for os_rdy
    rt_semaphore.o(i.rt_sem_send) refers to rt_list.o(i.rt_get_first) for rt_get_first
    rt_semaphore.o(i.rt_sem_send) refers to hal_cm.o(i.rt_ret_val) for rt_ret_val
    rt_semaphore.o(i.rt_sem_send) refers to rt_list.o(i.rt_rmv_dly) for rt_rmv_dly
    rt_semaphore.o(i.rt_sem_send) refers to rt_task.o(i.rt_dispatch) for rt_dispatch
    rt_semaphore.o(i.rt_sem_wait) refers to rt_list.o(i.rt_put_prio) for rt_put_prio
    rt_semaphore.o(i.rt_sem_wait) refers to rt_task.o(i.rt_block) for rt_block
    rt_semaphore.o(i.rt_sem_wait) refers to rt_task.o(.data) for os_tsk
    rt_time.o(i.rt_dly_wait) refers to rt_task.o(i.rt_block) for rt_block
    rt_time.o(i.rt_itv_set) refers to rt_task.o(.data) for os_tsk
    rt_time.o(i.rt_itv_set) refers to rt_time.o(.data) for .data
    rt_time.o(i.rt_itv_wait) refers to rt_task.o(i.rt_block) for rt_block
    rt_time.o(i.rt_itv_wait) refers to rt_task.o(.data) for os_tsk
    rt_time.o(i.rt_itv_wait) refers to rt_time.o(.data) for .data
    rt_time.o(i.rt_time_get) refers to rt_time.o(.data) for .data
    rt_mutex.o(i.rt_mut_delete) refers to rt_list.o(i.rt_resort_prio) for rt_resort_prio
    rt_mutex.o(i.rt_mut_delete) refers to rt_list.o(i.rt_get_first) for rt_get_first
    rt_mutex.o(i.rt_mut_delete) refers to hal_cm.o(i.rt_ret_val) for rt_ret_val
    rt_mutex.o(i.rt_mut_delete) refers to rt_list.o(i.rt_rmv_dly) for rt_rmv_dly
    rt_mutex.o(i.rt_mut_delete) refers to rt_list.o(i.rt_put_prio) for rt_put_prio
    rt_mutex.o(i.rt_mut_delete) refers to rt_task.o(i.rt_dispatch) for rt_dispatch
    rt_mutex.o(i.rt_mut_delete) refers to rt_task.o(.data) for os_tsk
    rt_mutex.o(i.rt_mut_delete) refers to rt_list.o(.bss) for os_rdy
    rt_mutex.o(i.rt_mut_release) refers to rt_list.o(i.rt_get_first) for rt_get_first
    rt_mutex.o(i.rt_mut_release) refers to hal_cm.o(i.rt_ret_val) for rt_ret_val
    rt_mutex.o(i.rt_mut_release) refers to rt_list.o(i.rt_rmv_dly) for rt_rmv_dly
    rt_mutex.o(i.rt_mut_release) refers to rt_list.o(i.rt_put_prio) for rt_put_prio
    rt_mutex.o(i.rt_mut_release) refers to rt_task.o(i.rt_dispatch) for rt_dispatch
    rt_mutex.o(i.rt_mut_release) refers to rt_task.o(.data) for os_tsk
    rt_mutex.o(i.rt_mut_release) refers to rt_list.o(.bss) for os_rdy
    rt_mutex.o(i.rt_mut_wait) refers to rt_list.o(i.rt_resort_prio) for rt_resort_prio
    rt_mutex.o(i.rt_mut_wait) refers to rt_list.o(i.rt_put_prio) for rt_put_prio
    rt_mutex.o(i.rt_mut_wait) refers to rt_task.o(i.rt_block) for rt_block
    rt_mutex.o(i.rt_mut_wait) refers to rt_task.o(.data) for os_tsk
    rt_membox.o(i._calloc_box) refers to hal_cm4.o(.emb_text) for _alloc_box
    hal_cm.o(i.dbg_init) refers to hal_cm.o(.data) for .data
    hal_cm.o(i.rt_init_stack) refers to rtx_conf_cm.o(.constdata) for os_stackinfo
    hal_cm.o(i.rt_ret_val) refers to hal_cm.o(i.rt_ret_regs) for rt_ret_regs
    hal_cm.o(i.rt_ret_val2) refers to hal_cm.o(i.rt_ret_regs) for rt_ret_regs
    rt_robin.o(i.rt_chk_robin) refers to rt_list.o(i.rt_get_first) for rt_get_first
    rt_robin.o(i.rt_chk_robin) refers to rt_list.o(i.rt_put_prio) for rt_put_prio
    rt_robin.o(i.rt_chk_robin) refers to rt_robin.o(.data) for .data
    rt_robin.o(i.rt_chk_robin) refers to rt_list.o(.bss) for os_rdy
    rt_robin.o(i.rt_chk_robin) refers to rt_time.o(.data) for os_time
    rt_robin.o(i.rt_init_robin) refers to rt_robin.o(.data) for .data
    rt_robin.o(i.rt_init_robin) refers to rtx_conf_cm.o(.constdata) for os_rrobin
    hal_cm4.o(.emb_text) refers to rtx_conf_cm.o(.constdata) for os_flags
    hal_cm4.o(.emb_text) refers to rt_membox.o(i.rt_alloc_box) for rt_alloc_box
    hal_cm4.o(.emb_text) refers to rt_membox.o(i.rt_free_box) for rt_free_box
    hal_cm4.o(.emb_text) refers to rt_system.o(i.rt_stk_check) for rt_stk_check
    hal_cm4.o(.emb_text) refers to rt_task.o(.data) for os_tsk
    hal_cm4.o(.emb_text) refers to svc_table.o(SVC_TABLE) for SVC_Count
    hal_cm4.o(.emb_text) refers to rt_system.o(i.rt_pop_req) for rt_pop_req
    hal_cm4.o(.emb_text) refers to rt_system.o(i.rt_systick) for rt_systick
    hal_cm4.o(.emb_text) refers to rt_system.o(i.os_tick_irqack) for os_tick_irqack
    entry.o(.ARM.Collect$$$$00000000) refers (Special) to entry10a.o(.ARM.Collect$$$$0000000D) for __rt_final_cpp
    entry.o(.ARM.Collect$$$$00000000) refers (Special) to entry11a.o(.ARM.Collect$$$$0000000F) for __rt_final_exit
    entry.o(.ARM.Collect$$$$00000000) refers (Special) to entry7b.o(.ARM.Collect$$$$00000008) for _main_clock
    entry.o(.ARM.Collect$$$$00000000) refers (Special) to entry8b.o(.ARM.Collect$$$$0000000A) for _main_cpp_init
    entry.o(.ARM.Collect$$$$00000000) refers (Special) to rtx_conf_cm.o(.ARM.Collect$$$$000000FF) for _main_init
    entry.o(.ARM.Collect$$$$00000000) refers (Special) to entry5.o(.ARM.Collect$$$$00000004) for _main_scatterload
    entry.o(.ARM.Collect$$$$00000000) refers (Special) to entry2.o(.ARM.Collect$$$$00000001) for _main_stk
    uldiv.o(.text) refers to llushr.o(.text) for __aeabi_llsr
    uldiv.o(.text) refers to llshl.o(.text) for __aeabi_llsl
    entry2.o(.ARM.Collect$$$$00000001) refers to entry2.o(.ARM.Collect$$$$00002712) for __lit__00000000
    entry2.o(.ARM.Collect$$$$00002712) refers to startup_stm32f407xx.o(STACK) for __initial_sp
    entry2.o(__vectab_stack_and_reset_area) refers to startup_stm32f407xx.o(STACK) for __initial_sp
    entry2.o(__vectab_stack_and_reset_area) refers to entry.o(.ARM.Collect$$$$00000000) for __main
    entry5.o(.ARM.Collect$$$$00000004) refers to init.o(.text) for __scatterload
    init.o(.text) refers to entry5.o(.ARM.Collect$$$$00000004) for __main_after_scatterload


==============================================================================

Removing Unused input sections from the image.

    Removing main.o(.rev16_text), (4 bytes).
    Removing main.o(.revsh_text), (4 bytes).
    Removing main.o(.rrx_text), (6 bytes).
    Removing main.o(.ARM.exidx), (8 bytes).
    Removing usart_stm32f4xx.o(.rev16_text), (4 bytes).
    Removing usart_stm32f4xx.o(.revsh_text), (4 bytes).
    Removing usart_stm32f4xx.o(.rrx_text), (6 bytes).
    Removing startup_stm32f407xx.o(HEAP), (512 bytes).
    Removing system_stm32f4xx.o(.rev16_text), (4 bytes).
    Removing system_stm32f4xx.o(.revsh_text), (4 bytes).
    Removing system_stm32f4xx.o(.rrx_text), (6 bytes).
    Removing stm32f4xx_hal.o(.rev16_text), (4 bytes).
    Removing stm32f4xx_hal.o(.revsh_text), (4 bytes).
    Removing stm32f4xx_hal.o(.rrx_text), (6 bytes).
    Removing stm32f4xx_hal_cortex.o(.rev16_text), (4 bytes).
    Removing stm32f4xx_hal_cortex.o(.revsh_text), (4 bytes).
    Removing stm32f4xx_hal_cortex.o(.rrx_text), (6 bytes).
    Removing stm32f4xx_hal_gpio.o(.rev16_text), (4 bytes).
    Removing stm32f4xx_hal_gpio.o(.revsh_text), (4 bytes).
    Removing stm32f4xx_hal_gpio.o(.rrx_text), (6 bytes).
    Removing stm32f4xx_hal_pwr.o(.rev16_text), (4 bytes).
    Removing stm32f4xx_hal_pwr.o(.revsh_text), (4 bytes).
    Removing stm32f4xx_hal_pwr.o(.rrx_text), (6 bytes).
    Removing stm32f4xx_hal_pwr.o(.text), (532 bytes).
    Removing stm32f4xx_hal_pwr_ex.o(.rev16_text), (4 bytes).
    Removing stm32f4xx_hal_pwr_ex.o(.revsh_text), (4 bytes).
    Removing stm32f4xx_hal_pwr_ex.o(.rrx_text), (6 bytes).
    Removing stm32f4xx_hal_pwr_ex.o(.text), (312 bytes).
    Removing stm32f4xx_hal_rcc.o(.rev16_text), (4 bytes).
    Removing stm32f4xx_hal_rcc.o(.revsh_text), (4 bytes).
    Removing stm32f4xx_hal_rcc.o(.rrx_text), (6 bytes).
    Removing stm32f4xx_hal_rcc_ex.o(.rev16_text), (4 bytes).
    Removing stm32f4xx_hal_rcc_ex.o(.revsh_text), (4 bytes).
    Removing stm32f4xx_hal_rcc_ex.o(.rrx_text), (6 bytes).
    Removing stm32f4xx_hal_rcc_ex.o(.text), (616 bytes).
    Removing stm32f4xx_hal_dma.o(.rev16_text), (4 bytes).
    Removing stm32f4xx_hal_dma.o(.revsh_text), (4 bytes).
    Removing stm32f4xx_hal_dma.o(.rrx_text), (6 bytes).
    Removing stm32f4xx_hal_dma_ex.o(.rev16_text), (4 bytes).
    Removing stm32f4xx_hal_dma_ex.o(.revsh_text), (4 bytes).
    Removing stm32f4xx_hal_dma_ex.o(.rrx_text), (6 bytes).
    Removing stm32f4xx_hal_dma_ex.o(.text), (370 bytes).
    Removing stm32f4xx_hal_usart.o(.rev16_text), (4 bytes).
    Removing stm32f4xx_hal_usart.o(.revsh_text), (4 bytes).
    Removing stm32f4xx_hal_usart.o(.rrx_text), (6 bytes).
    Removing stm32f4xx_hal_usart.o(.text), (3750 bytes).
    Removing rt_cmsis.o(.rev16_text), (4 bytes).
    Removing rt_cmsis.o(.revsh_text), (4 bytes).
    Removing rt_cmsis.o(.rrx_text), (6 bytes).
    Removing rt_cmsis.o(i.isrSemaphoreRelease), (40 bytes).
    Removing rt_cmsis.o(i.isrSignalSet), (36 bytes).
    Removing rt_cmsis.o(i.osKernelRunning), (36 bytes).
    Removing rt_cmsis.o(i.osKernelSysTick), (24 bytes).
    Removing rt_cmsis.o(i.osMailAlloc), (28 bytes).
    Removing rt_cmsis.o(i.osMailCAlloc), (48 bytes).
    Removing rt_cmsis.o(i.osMailCreate), (48 bytes).
    Removing rt_cmsis.o(i.osMailFree), (28 bytes).
    Removing rt_cmsis.o(i.osMailGet), (22 bytes).
    Removing rt_cmsis.o(i.osMailPut), (20 bytes).
    Removing rt_cmsis.o(i.osMessageCreate), (48 bytes).
    Removing rt_cmsis.o(i.osMessagePut), (24 bytes).
    Removing rt_cmsis.o(i.osMutexCreate), (48 bytes).
    Removing rt_cmsis.o(i.osMutexDelete), (24 bytes).
    Removing rt_cmsis.o(i.osMutexRelease), (24 bytes).
    Removing rt_cmsis.o(i.osMutexWait), (24 bytes).
    Removing rt_cmsis.o(i.osPoolAlloc), (32 bytes).
    Removing rt_cmsis.o(i.osPoolCAlloc), (52 bytes).
    Removing rt_cmsis.o(i.osPoolCreate), (48 bytes).
    Removing rt_cmsis.o(i.osPoolFree), (32 bytes).
    Removing rt_cmsis.o(i.osSemaphoreCreate), (48 bytes).
    Removing rt_cmsis.o(i.osSemaphoreDelete), (24 bytes).
    Removing rt_cmsis.o(i.osSemaphoreRelease), (24 bytes).
    Removing rt_cmsis.o(i.osSemaphoreWait), (24 bytes).
    Removing rt_cmsis.o(i.osSignalClear), (24 bytes).
    Removing rt_cmsis.o(i.osSignalSet), (24 bytes).
    Removing rt_cmsis.o(i.osSignalWait), (24 bytes).
    Removing rt_cmsis.o(i.osThreadGetId), (24 bytes).
    Removing rt_cmsis.o(i.osThreadGetPriority), (24 bytes).
    Removing rt_cmsis.o(i.osThreadSetPriority), (24 bytes).
    Removing rt_cmsis.o(i.osThreadTerminate), (24 bytes).
    Removing rt_cmsis.o(i.osThreadYield), (24 bytes).
    Removing rt_cmsis.o(i.osTimerCreate), (52 bytes).
    Removing rt_cmsis.o(i.osTimerDelete), (24 bytes).
    Removing rt_cmsis.o(i.osTimerStart), (24 bytes).
    Removing rt_cmsis.o(i.osTimerStop), (24 bytes).
    Removing rt_cmsis.o(i.osWait), (4 bytes).
    Removing rt_cmsis.o(i.os_resume), (12 bytes).
    Removing rt_cmsis.o(i.os_suspend), (12 bytes).
    Removing rt_cmsis.o(i.rt_clr_box), (24 bytes).
    Removing rt_cmsis.o(i.rt_timer_remove), (60 bytes).
    Removing rt_cmsis.o(i.svcKernelRunning), (12 bytes).
    Removing rt_cmsis.o(i.svcKernelSysTick), (56 bytes).
    Removing rt_cmsis.o(i.svcMailCreate), (66 bytes).
    Removing rt_cmsis.o(i.svcMessagePut), (54 bytes).
    Removing rt_cmsis.o(i.svcMutexCreate), (28 bytes).
    Removing rt_cmsis.o(i.svcMutexDelete), (26 bytes).
    Removing rt_cmsis.o(i.svcMutexRelease), (34 bytes).
    Removing rt_cmsis.o(i.svcMutexWait), (54 bytes).
    Removing rt_cmsis.o(i.svcPoolCreate), (40 bytes).
    Removing rt_cmsis.o(i.svcSemaphoreCreate), (36 bytes).
    Removing rt_cmsis.o(i.svcSemaphoreDelete), (26 bytes).
    Removing rt_cmsis.o(i.svcSemaphoreRelease), (40 bytes).
    Removing rt_cmsis.o(i.svcSemaphoreWait), (50 bytes).
    Removing rt_cmsis.o(i.svcSignalClear), (36 bytes).
    Removing rt_cmsis.o(i.svcSignalSet), (36 bytes).
    Removing rt_cmsis.o(i.svcSignalWait), (84 bytes).
    Removing rt_cmsis.o(i.svcThreadGetPriority), (18 bytes).
    Removing rt_cmsis.o(i.svcThreadSetPriority), (46 bytes).
    Removing rt_cmsis.o(i.svcThreadYield), (10 bytes).
    Removing rt_cmsis.o(i.svcTimerCreate), (56 bytes).
    Removing rt_cmsis.o(i.svcTimerDelete), (40 bytes).
    Removing rt_cmsis.o(i.svcTimerStart), (100 bytes).
    Removing rt_cmsis.o(i.svcTimerStop), (36 bytes).
    Removing rt_cmsis.o(i.sysMailAlloc), (88 bytes).
    Removing rt_cmsis.o(i.sysMailFree), (96 bytes).
    Removing rt_cmsis.o(i.sysPoolAlloc), (10 bytes).
    Removing rt_cmsis.o(i.sysPoolFree), (20 bytes).
    Removing rt_cmsis.o(i.sysUserTimerUpdate), (48 bytes).
    Removing rt_cmsis.o(i.sysUserTimerWakeupTime), (20 bytes).
    Removing rt_task.o(i.rt_tsk_pass), (48 bytes).
    Removing rt_system.o(.emb_text), (0 bytes).
    Removing rt_system.o(i.os_tick_ovf), (16 bytes).
    Removing rt_system.o(i.os_tick_val), (20 bytes).
    Removing rt_system.o(i.rt_resume), (136 bytes).
    Removing rt_system.o(i.rt_suspend), (36 bytes).
    Removing rt_system.o(i.rt_tsk_lock), (80 bytes).
    Removing rt_system.o(i.rt_tsk_unlock), (80 bytes).
    Removing rt_event.o(i.isr_evt_set), (40 bytes).
    Removing rt_event.o(i.rt_evt_clr), (28 bytes).
    Removing rt_event.o(i.rt_evt_get), (12 bytes).
    Removing rt_event.o(i.rt_evt_set), (92 bytes).
    Removing rt_event.o(i.rt_evt_wait), (60 bytes).
    Removing rt_list.o(i.rt_get_same_rdy_prio), (36 bytes).
    Removing rt_mailbox.o(i.rt_mbx_send), (152 bytes).
    Removing rt_semaphore.o(i.isr_sem_send), (16 bytes).
    Removing rt_semaphore.o(i.rt_sem_delete), (92 bytes).
    Removing rt_semaphore.o(i.rt_sem_init), (12 bytes).
    Removing rt_semaphore.o(i.rt_sem_send), (42 bytes).
    Removing rt_semaphore.o(i.rt_sem_wait), (64 bytes).
    Removing rt_time.o(i.rt_itv_set), (24 bytes).
    Removing rt_time.o(i.rt_itv_wait), (40 bytes).
    Removing rt_time.o(i.rt_time_get), (12 bytes).
    Removing rt_mutex.o(i.rt_mut_delete), (176 bytes).
    Removing rt_mutex.o(i.rt_mut_init), (16 bytes).
    Removing rt_mutex.o(i.rt_mut_release), (216 bytes).
    Removing rt_mutex.o(i.rt_mut_wait), (104 bytes).
    Removing rt_membox.o(i._calloc_box), (30 bytes).

147 unused section(s) (total 10476 bytes) removed from the image.

==============================================================================

Image Symbol Table

    Local Symbols

    Symbol Name                              Value     Ov Type        Size  Object(Section)

    ../clib/microlib/division.c              0x00000000   Number         0  uldiv.o ABSOLUTE
    ../clib/microlib/init/entry.s            0x00000000   Number         0  entry.o ABSOLUTE
    ../clib/microlib/init/entry.s            0x00000000   Number         0  entry10b.o ABSOLUTE
    ../clib/microlib/init/entry.s            0x00000000   Number         0  entry5.o ABSOLUTE
    ../clib/microlib/init/entry.s            0x00000000   Number         0  entry2.o ABSOLUTE
    ../clib/microlib/init/entry.s            0x00000000   Number         0  entry10a.o ABSOLUTE
    ../clib/microlib/init/entry.s            0x00000000   Number         0  entry11b.o ABSOLUTE
    ../clib/microlib/init/entry.s            0x00000000   Number         0  entry7a.o ABSOLUTE
    ../clib/microlib/init/entry.s            0x00000000   Number         0  entry7b.o ABSOLUTE
    ../clib/microlib/init/entry.s            0x00000000   Number         0  entry8b.o ABSOLUTE
    ../clib/microlib/init/entry.s            0x00000000   Number         0  entry8a.o ABSOLUTE
    ../clib/microlib/init/entry.s            0x00000000   Number         0  entry11a.o ABSOLUTE
    ../clib/microlib/longlong.c              0x00000000   Number         0  llshl.o ABSOLUTE
    ../clib/microlib/longlong.c              0x00000000   Number         0  llushr.o ABSOLUTE
    ../clib/microlib/string/memset.c         0x00000000   Number         0  memseta.o ABSOLUTE
    ..\HAL_CM.c                              0x00000000   Number         0  hal_cm.o ABSOLUTE
    ..\\rt_CMSIS.c                           0x00000000   Number         0  rt_cmsis.o ABSOLUTE
    ..\\rt_System.c                          0x00000000   Number         0  rt_system.o ABSOLUTE
    ..\rt_CMSIS.c                            0x00000000   Number         0  rt_cmsis.o ABSOLUTE
    ..\rt_Event.c                            0x00000000   Number         0  rt_event.o ABSOLUTE
    ..\rt_List.c                             0x00000000   Number         0  rt_list.o ABSOLUTE
    ..\rt_Mailbox.c                          0x00000000   Number         0  rt_mailbox.o ABSOLUTE
    ..\rt_MemBox.c                           0x00000000   Number         0  rt_membox.o ABSOLUTE
    ..\rt_Memory.c                           0x00000000   Number         0  rt_memory.o ABSOLUTE
    ..\rt_Mutex.c                            0x00000000   Number         0  rt_mutex.o ABSOLUTE
    ..\rt_Robin.c                            0x00000000   Number         0  rt_robin.o ABSOLUTE
    ..\rt_Semaphore.c                        0x00000000   Number         0  rt_semaphore.o ABSOLUTE
    ..\rt_System.c                           0x00000000   Number         0  rt_system.o ABSOLUTE
    ..\rt_Task.c                             0x00000000   Number         0  rt_task.o ABSOLUTE
    ..\rt_Time.c                             0x00000000   Number         0  rt_time.o ABSOLUTE
    C:\Keil_v5\ARM\PACK\Keil\STM32F4xx_DFP\2.8.0\CMSIS\Driver\USART_STM32F4xx.c 0x00000000   Number         0  usart_stm32f4xx.o ABSOLUTE
    C:\Keil_v5\ARM\PACK\Keil\STM32F4xx_DFP\2.8.0\Drivers\STM32F4xx_HAL_Driver\Src\stm32f4xx_hal.c 0x00000000   Number         0  stm32f4xx_hal.o ABSOLUTE
    C:\Keil_v5\ARM\PACK\Keil\STM32F4xx_DFP\2.8.0\Drivers\STM32F4xx_HAL_Driver\Src\stm32f4xx_hal_cortex.c 0x00000000   Number         0  stm32f4xx_hal_cortex.o ABSOLUTE
    C:\Keil_v5\ARM\PACK\Keil\STM32F4xx_DFP\2.8.0\Drivers\STM32F4xx_HAL_Driver\Src\stm32f4xx_hal_dma.c 0x00000000   Number         0  stm32f4xx_hal_dma.o ABSOLUTE
    C:\Keil_v5\ARM\PACK\Keil\STM32F4xx_DFP\2.8.0\Drivers\STM32F4xx_HAL_Driver\Src\stm32f4xx_hal_dma_ex.c 0x00000000   Number         0  stm32f4xx_hal_dma_ex.o ABSOLUTE
    C:\Keil_v5\ARM\PACK\Keil\STM32F4xx_DFP\2.8.0\Drivers\STM32F4xx_HAL_Driver\Src\stm32f4xx_hal_gpio.c 0x00000000   Number         0  stm32f4xx_hal_gpio.o ABSOLUTE
    C:\Keil_v5\ARM\PACK\Keil\STM32F4xx_DFP\2.8.0\Drivers\STM32F4xx_HAL_Driver\Src\stm32f4xx_hal_pwr.c 0x00000000   Number         0  stm32f4xx_hal_pwr.o ABSOLUTE
    C:\Keil_v5\ARM\PACK\Keil\STM32F4xx_DFP\2.8.0\Drivers\STM32F4xx_HAL_Driver\Src\stm32f4xx_hal_pwr_ex.c 0x00000000   Number         0  stm32f4xx_hal_pwr_ex.o ABSOLUTE
    C:\Keil_v5\ARM\PACK\Keil\STM32F4xx_DFP\2.8.0\Drivers\STM32F4xx_HAL_Driver\Src\stm32f4xx_hal_rcc.c 0x00000000   Number         0  stm32f4xx_hal_rcc.o ABSOLUTE
    C:\Keil_v5\ARM\PACK\Keil\STM32F4xx_DFP\2.8.0\Drivers\STM32F4xx_HAL_Driver\Src\stm32f4xx_hal_rcc_ex.c 0x00000000   Number         0  stm32f4xx_hal_rcc_ex.o ABSOLUTE
    C:\Keil_v5\ARM\PACK\Keil\STM32F4xx_DFP\2.8.0\Drivers\STM32F4xx_HAL_Driver\Src\stm32f4xx_hal_usart.c 0x00000000   Number         0  stm32f4xx_hal_usart.o ABSOLUTE
    C:\\Keil_v5\\ARM\\PACK\\Keil\\STM32F4xx_DFP\\2.8.0\\CMSIS\\Driver\\USART_STM32F4xx.c 0x00000000   Number         0  usart_stm32f4xx.o ABSOLUTE
    C:\\Keil_v5\\ARM\\PACK\\Keil\\STM32F4xx_DFP\\2.8.0\\Drivers\\STM32F4xx_HAL_Driver\\Src\\stm32f4xx_hal.c 0x00000000   Number         0  stm32f4xx_hal.o ABSOLUTE
    C:\\Keil_v5\\ARM\\PACK\\Keil\\STM32F4xx_DFP\\2.8.0\\Drivers\\STM32F4xx_HAL_Driver\\Src\\stm32f4xx_hal_cortex.c 0x00000000   Number         0  stm32f4xx_hal_cortex.o ABSOLUTE
    C:\\Keil_v5\\ARM\\PACK\\Keil\\STM32F4xx_DFP\\2.8.0\\Drivers\\STM32F4xx_HAL_Driver\\Src\\stm32f4xx_hal_dma.c 0x00000000   Number         0  stm32f4xx_hal_dma.o ABSOLUTE
    C:\\Keil_v5\\ARM\\PACK\\Keil\\STM32F4xx_DFP\\2.8.0\\Drivers\\STM32F4xx_HAL_Driver\\Src\\stm32f4xx_hal_dma_ex.c 0x00000000   Number         0  stm32f4xx_hal_dma_ex.o ABSOLUTE
    C:\\Keil_v5\\ARM\\PACK\\Keil\\STM32F4xx_DFP\\2.8.0\\Drivers\\STM32F4xx_HAL_Driver\\Src\\stm32f4xx_hal_gpio.c 0x00000000   Number         0  stm32f4xx_hal_gpio.o ABSOLUTE
    C:\\Keil_v5\\ARM\\PACK\\Keil\\STM32F4xx_DFP\\2.8.0\\Drivers\\STM32F4xx_HAL_Driver\\Src\\stm32f4xx_hal_pwr.c 0x00000000   Number         0  stm32f4xx_hal_pwr.o ABSOLUTE
    C:\\Keil_v5\\ARM\\PACK\\Keil\\STM32F4xx_DFP\\2.8.0\\Drivers\\STM32F4xx_HAL_Driver\\Src\\stm32f4xx_hal_pwr_ex.c 0x00000000   Number         0  stm32f4xx_hal_pwr_ex.o ABSOLUTE
    C:\\Keil_v5\\ARM\\PACK\\Keil\\STM32F4xx_DFP\\2.8.0\\Drivers\\STM32F4xx_HAL_Driver\\Src\\stm32f4xx_hal_rcc.c 0x00000000   Number         0  stm32f4xx_hal_rcc.o ABSOLUTE
    C:\\Keil_v5\\ARM\\PACK\\Keil\\STM32F4xx_DFP\\2.8.0\\Drivers\\STM32F4xx_HAL_Driver\\Src\\stm32f4xx_hal_rcc_ex.c 0x00000000   Number         0  stm32f4xx_hal_rcc_ex.o ABSOLUTE
    C:\\Keil_v5\\ARM\\PACK\\Keil\\STM32F4xx_DFP\\2.8.0\\Drivers\\STM32F4xx_HAL_Driver\\Src\\stm32f4xx_hal_usart.c 0x00000000   Number         0  stm32f4xx_hal_usart.o ABSOLUTE
    HAL_CM4.c                                0x00000000   Number         0  hal_cm4.o ABSOLUTE
    HAL_CM4.c                                0x00000000   Number         0  hal_cm4.o ABSOLUTE
    Main.cpp                                 0x00000000   Number         0  main.o ABSOLUTE
    Main.cpp                                 0x00000000   Number         0  main.o ABSOLUTE
    RTE\CMSIS\RTX_Conf_CM.c                  0x00000000   Number         0  rtx_conf_cm.o ABSOLUTE
    RTE\Device\STM32F407VGTx\startup_stm32f407xx.s 0x00000000   Number         0  startup_stm32f407xx.o ABSOLUTE
    RTE\Device\STM32F407VGTx\system_stm32f4xx.c 0x00000000   Number         0  system_stm32f4xx.o ABSOLUTE
    RTE\\Device\\STM32F407VGTx\\system_stm32f4xx.c 0x00000000   Number         0  system_stm32f4xx.o ABSOLUTE
    STM32F40xxx_41xxx_OPT.s                  0x00000000   Number         0  stm32f40xxx_41xxx_opt.o ABSOLUTE
    SVC_Table.s                              0x00000000   Number         0  svc_table.o ABSOLUTE
    dc.s                                     0x00000000   Number         0  dc.o ABSOLUTE
    handlers.s                               0x00000000   Number         0  handlers.o ABSOLUTE
    init.s                                   0x00000000   Number         0  init.o ABSOLUTE
    .ARM.__AT_0x1FFFC000                     0x1fffc000   Section        4  stm32f40xxx_41xxx_opt.o(.ARM.__AT_0x1FFFC000)
    RESET                                    0x20000000   Section      392  startup_stm32f407xx.o(RESET)
    .ARM.Collect$$$$00000000                 0x20000188   Section        0  entry.o(.ARM.Collect$$$$00000000)
    .ARM.Collect$$$$00000001                 0x20000188   Section        4  entry2.o(.ARM.Collect$$$$00000001)
    .ARM.Collect$$$$00000004                 0x2000018c   Section        4  entry5.o(.ARM.Collect$$$$00000004)
    .ARM.Collect$$$$00000008                 0x20000190   Section        0  entry7b.o(.ARM.Collect$$$$00000008)
    .ARM.Collect$$$$0000000A                 0x20000190   Section        0  entry8b.o(.ARM.Collect$$$$0000000A)
    .ARM.Collect$$$$0000000D                 0x20000190   Section        0  entry10a.o(.ARM.Collect$$$$0000000D)
    .ARM.Collect$$$$0000000F                 0x20000190   Section        0  entry11a.o(.ARM.Collect$$$$0000000F)
    .ARM.Collect$$$$000000FF                 0x20000190   Section        0  rtx_conf_cm.o(.ARM.Collect$$$$000000FF)
    .ARM.Collect$$$$00002712                 0x200001a8   Section        4  entry2.o(.ARM.Collect$$$$00002712)
    __lit__00000000                          0x200001a8   Data           4  entry2.o(.ARM.Collect$$$$00002712)
    .emb_text                                0x200001ac   Section      408  hal_cm4.o(.emb_text)
    $v0                                      0x200001ac   Number         0  hal_cm4.o(.emb_text)
    .text                                    0x20000344   Section        0  main.o(.text)
    .text                                    0x200004d0   Section        0  rtx_conf_cm.o(.text)
    .text                                    0x200004f8   Section        0  usart_stm32f4xx.o(.text)
    Enable_GPIO_Clock                        0x200004f9   Thumb Code   346  usart_stm32f4xx.o(.text)
    USART_PeripheralReset                    0x20000653   Thumb Code   294  usart_stm32f4xx.o(.text)
    USARTx_GetVersion                        0x20000779   Thumb Code    10  usart_stm32f4xx.o(.text)
    USART_GetCapabilities                    0x20000783   Thumb Code     6  usart_stm32f4xx.o(.text)
    USART_Initialize                         0x20000789   Thumb Code   138  usart_stm32f4xx.o(.text)
    USART_Uninitialize                       0x20000813   Thumb Code   106  usart_stm32f4xx.o(.text)
    USART_PowerControl                       0x2000087d   Thumb Code   736  usart_stm32f4xx.o(.text)
    USART_Receive                            0x20000b5d   Thumb Code   162  usart_stm32f4xx.o(.text)
    USART_Send                               0x20000bff   Thumb Code   136  usart_stm32f4xx.o(.text)
    USART_Transfer                           0x20000c87   Thumb Code   106  usart_stm32f4xx.o(.text)
    USART_GetTxCount                         0x20000cf1   Thumb Code     8  usart_stm32f4xx.o(.text)
    USART_GetRxCount                         0x20000cf9   Thumb Code     8  usart_stm32f4xx.o(.text)
    USART_Control                            0x20000d01   Thumb Code  2242  usart_stm32f4xx.o(.text)
    USART_GetStatus                          0x200015c3   Thumb Code   118  usart_stm32f4xx.o(.text)
    USART_SetModemControl                    0x20001639   Thumb Code   114  usart_stm32f4xx.o(.text)
    USART_GetModemStatus                     0x200016ab   Thumb Code    90  usart_stm32f4xx.o(.text)
    USART1_GetCapabilities                   0x20001977   Thumb Code    12  usart_stm32f4xx.o(.text)
    USART1_Initialize                        0x20001983   Thumb Code    14  usart_stm32f4xx.o(.text)
    USART1_Uninitialize                      0x20001991   Thumb Code    10  usart_stm32f4xx.o(.text)
    USART1_PowerControl                      0x2000199b   Thumb Code    14  usart_stm32f4xx.o(.text)
    USART1_Send                              0x200019a9   Thumb Code    18  usart_stm32f4xx.o(.text)
    USART1_Receive                           0x200019bb   Thumb Code    18  usart_stm32f4xx.o(.text)
    USART1_Transfer                          0x200019cd   Thumb Code    22  usart_stm32f4xx.o(.text)
    USART1_GetTxCount                        0x200019e3   Thumb Code    10  usart_stm32f4xx.o(.text)
    USART1_GetRxCount                        0x200019ed   Thumb Code    10  usart_stm32f4xx.o(.text)
    USART1_Control                           0x200019f7   Thumb Code    18  usart_stm32f4xx.o(.text)
    USART1_GetStatus                         0x20001a09   Thumb Code    12  usart_stm32f4xx.o(.text)
    USART1_SetModemControl                   0x20001a15   Thumb Code    14  usart_stm32f4xx.o(.text)
    USART1_GetModemStatus                    0x20001a23   Thumb Code    12  usart_stm32f4xx.o(.text)
    .text                                    0x20001a3c   Section       36  startup_stm32f407xx.o(.text)
    $v0                                      0x20001a3c   Number         0  startup_stm32f407xx.o(.text)
    .text                                    0x20001a60   Section        0  system_stm32f4xx.o(.text)
    .text                                    0x20001b80   Section        0  stm32f4xx_hal.o(.text)
    .text                                    0x20001d30   Section        0  stm32f4xx_hal_cortex.o(.text)
    __NVIC_SetPriority                       0x20001d31   Thumb Code    32  stm32f4xx_hal_cortex.o(.text)
    __NVIC_GetPriorityGrouping               0x20002063   Thumb Code    12  stm32f4xx_hal_cortex.o(.text)
    .text                                    0x20002084   Section        0  stm32f4xx_hal_gpio.o(.text)
    .text                                    0x20002450   Section        0  stm32f4xx_hal_rcc.o(.text)
    .text                                    0x20002e9c   Section        0  stm32f4xx_hal_dma.o(.text)
    DMA_CalcBaseAndBitshift                  0x20002e9d   Thumb Code    46  stm32f4xx_hal_dma.o(.text)
    DMA_SetConfig                            0x20002faf   Thumb Code    44  stm32f4xx_hal_dma.o(.text)
    .text                                    0x200034b4   Section        0  memseta.o(.text)
    .text                                    0x200034d8   Section       36  init.o(.text)
    SVC_TABLE                                0x200034fc   Section        4  svc_table.o(SVC_TABLE)
    i.__scatterload_copy                     0x20003500   Section       14  handlers.o(i.__scatterload_copy)
    i.__scatterload_null                     0x2000350e   Section        2  handlers.o(i.__scatterload_null)
    i.__scatterload_zeroinit                 0x20003510   Section       14  handlers.o(i.__scatterload_zeroinit)
    i._init_box                              0x2000351e   Section        0  rt_membox.o(i._init_box)
    i.dbg_init                               0x20003564   Section        0  hal_cm.o(i.dbg_init)
    i.dbg_task_notify                        0x20003594   Section        0  hal_cm.o(i.dbg_task_notify)
    i.dbg_task_switch                        0x200035b4   Section        0  hal_cm.o(i.dbg_task_switch)
    i.isrMessageGet                          0x200035c4   Section        0  rt_cmsis.o(i.isrMessageGet)
    i.isrMessagePut                          0x200035ee   Section        0  rt_cmsis.o(i.isrMessagePut)
    i.isr_mbx_receive                        0x2000361c   Section        0  rt_mailbox.o(i.isr_mbx_receive)
    i.isr_mbx_send                           0x20003672   Section        0  rt_mailbox.o(i.isr_mbx_send)
    i.osDelay                                0x20003680   Section        0  rt_cmsis.o(i.osDelay)
    i.osKernelInitialize                     0x20003698   Section        0  rt_cmsis.o(i.osKernelInitialize)
    i.osKernelStart                          0x200036bc   Section        0  rt_cmsis.o(i.osKernelStart)
    i.osMessageGet                           0x20003728   Section        0  rt_cmsis.o(i.osMessageGet)
    i.osThreadCreate                         0x20003740   Section        0  rt_cmsis.o(i.osThreadCreate)
    i.osThreadExit                           0x20003770   Section        0  rt_cmsis.o(i.osThreadExit)
    i.osTimerCall                            0x20003788   Section        0  rt_cmsis.o(i.osTimerCall)
    i.osTimerThread                          0x20003794   Section        0  rt_cmsis.o(i.osTimerThread)
    i.os_tick_init                           0x200037c0   Section        0  rt_system.o(i.os_tick_init)
    i.os_tick_irqack                         0x200037e8   Section        0  rt_system.o(i.os_tick_irqack)
    i.rt_alloc_box                           0x200037ea   Section        0  rt_membox.o(i.rt_alloc_box)
    i.rt_alloc_mem                           0x20003804   Section        0  rt_memory.o(i.rt_alloc_mem)
    i.rt_block                               0x20003844   Section        0  rt_task.o(i.rt_block)
    i.rt_chk_robin                           0x2000387c   Section        0  rt_robin.o(i.rt_chk_robin)
    i.rt_dec_dly                             0x200038c4   Section        0  rt_list.o(i.rt_dec_dly)
    i.rt_dispatch                            0x20003934   Section        0  rt_task.o(i.rt_dispatch)
    i.rt_dly_wait                            0x20003978   Section        0  rt_time.o(i.rt_dly_wait)
    i.rt_evt_psh                             0x20003980   Section        0  rt_event.o(i.rt_evt_psh)
    i.rt_free_box                            0x200039d0   Section        0  rt_membox.o(i.rt_free_box)
    i.rt_free_mem                            0x200039fc   Section        0  rt_memory.o(i.rt_free_mem)
    i.rt_get_first                           0x20003a24   Section        0  rt_list.o(i.rt_get_first)
    i.rt_id2obj                              0x20003a4c   Section        0  rt_cmsis.o(i.rt_id2obj)
    rt_id2obj                                0x20003a4d   Thumb Code     8  rt_cmsis.o(i.rt_id2obj)
    i.rt_init_context                        0x20003a54   Section        0  rt_task.o(i.rt_init_context)
    rt_init_context                          0x20003a55   Thumb Code    66  rt_task.o(i.rt_init_context)
    i.rt_init_mem                            0x20003a9c   Section        0  rt_memory.o(i.rt_init_mem)
    i.rt_init_robin                          0x20003ab8   Section        0  rt_robin.o(i.rt_init_robin)
    i.rt_init_stack                          0x20003ad0   Section        0  hal_cm.o(i.rt_init_stack)
    i.rt_mbx_check                           0x20003b50   Section        0  rt_mailbox.o(i.rt_mbx_check)
    i.rt_mbx_init                            0x20003b58   Section        0  rt_mailbox.o(i.rt_mbx_init)
    i.rt_mbx_psh                             0x20003b74   Section        0  rt_mailbox.o(i.rt_mbx_psh)
    i.rt_mbx_wait                            0x20003c64   Section        0  rt_mailbox.o(i.rt_mbx_wait)
    i.rt_ms2tick                             0x20003d18   Section        0  rt_cmsis.o(i.rt_ms2tick)
    rt_ms2tick                               0x20003d19   Thumb Code    58  rt_cmsis.o(i.rt_ms2tick)
    i.rt_pop_req                             0x20003d5c   Section        0  rt_system.o(i.rt_pop_req)
    i.rt_psh_req                             0x20003dd8   Section        0  rt_system.o(i.rt_psh_req)
    i.rt_psq_enq                             0x20003df8   Section        0  rt_list.o(i.rt_psq_enq)
    i.rt_put_dly                             0x20003e54   Section        0  rt_list.o(i.rt_put_dly)
    i.rt_put_prio                            0x20003e9c   Section        0  rt_list.o(i.rt_put_prio)
    i.rt_put_rdy_first                       0x20003ed4   Section        0  rt_list.o(i.rt_put_rdy_first)
    i.rt_resort_prio                         0x20003ee8   Section        0  rt_list.o(i.rt_resort_prio)
    i.rt_ret_regs                            0x20003f1c   Section        0  hal_cm.o(i.rt_ret_regs)
    rt_ret_regs                              0x20003f1d   Thumb Code    16  hal_cm.o(i.rt_ret_regs)
    i.rt_ret_val                             0x20003f2c   Section        0  hal_cm.o(i.rt_ret_val)
    i.rt_ret_val2                            0x20003f38   Section        0  hal_cm.o(i.rt_ret_val2)
    i.rt_rmv_dly                             0x20003f48   Section        0  rt_list.o(i.rt_rmv_dly)
    i.rt_rmv_list                            0x20003f70   Section        0  rt_list.o(i.rt_rmv_list)
    i.rt_sem_psh                             0x20003fa0   Section        0  rt_semaphore.o(i.rt_sem_psh)
    i.rt_stk_check                           0x20003fd4   Section        0  rt_system.o(i.rt_stk_check)
    i.rt_switch_req                          0x20003ff8   Section        0  rt_task.o(i.rt_switch_req)
    i.rt_sys_init                            0x20004020   Section        0  rt_task.o(i.rt_sys_init)
    i.rt_sys_start                           0x200040ec   Section        0  rt_task.o(i.rt_sys_start)
    i.rt_systick                             0x20004164   Section        0  rt_system.o(i.rt_systick)
    i.rt_tid2ptcb                            0x200041a4   Section        0  rt_cmsis.o(i.rt_tid2ptcb)
    rt_tid2ptcb                              0x200041a5   Thumb Code    18  rt_cmsis.o(i.rt_tid2ptcb)
    i.rt_timer_insert                        0x200041b8   Section        0  rt_cmsis.o(i.rt_timer_insert)
    rt_timer_insert                          0x200041b9   Thumb Code    48  rt_cmsis.o(i.rt_timer_insert)
    i.rt_tsk_create                          0x200041ec   Section        0  rt_task.o(i.rt_tsk_create)
    i.rt_tsk_delete                          0x20004274   Section        0  rt_task.o(i.rt_tsk_delete)
    i.rt_tsk_prio                            0x200043f0   Section        0  rt_task.o(i.rt_tsk_prio)
    i.rt_tsk_self                            0x2000446c   Section        0  rt_task.o(i.rt_tsk_self)
    i.svcDelay                               0x2000447c   Section        0  rt_cmsis.o(i.svcDelay)
    i.svcKernelInitialize                    0x20004490   Section        0  rt_cmsis.o(i.svcKernelInitialize)
    i.svcKernelStart                         0x20004500   Section        0  rt_cmsis.o(i.svcKernelStart)
    i.svcMessageCreate                       0x20004548   Section        0  rt_cmsis.o(i.svcMessageCreate)
    i.svcMessageGet                          0x2000456c   Section        0  rt_cmsis.o(i.svcMessageGet)
    i.svcThreadCreate                        0x200045a8   Section        0  rt_cmsis.o(i.svcThreadCreate)
    i.svcThreadGetId                         0x20004618   Section        0  rt_cmsis.o(i.svcThreadGetId)
    i.svcThreadTerminate                     0x20004634   Section        0  rt_cmsis.o(i.svcThreadTerminate)
    i.svcTimerCall                           0x2000466c   Section        0  rt_cmsis.o(i.svcTimerCall)
    i.sysTimerTick                           0x20004684   Section        0  rt_cmsis.o(i.sysTimerTick)
    .constdata                               0x200046e0   Section       16  main.o(.constdata)
    os_thread_def_Blinky                     0x200046e0   Data          16  main.o(.constdata)
    .constdata                               0x200046f0   Section      104  rtx_conf_cm.o(.constdata)
    __tagsym$$used                           0x2000470c   Number         0  rtx_conf_cm.o(.constdata)
    __tagsym$$used                           0x20004710   Number         0  rtx_conf_cm.o(.constdata)
    __tagsym$$used                           0x20004714   Number         0  rtx_conf_cm.o(.constdata)
    __tagsym$$used                           0x20004718   Number         0  rtx_conf_cm.o(.constdata)
    .constdata                               0x20004758   Section      128  usart_stm32f4xx.o(.constdata)
    usart_driver_version                     0x20004758   Data           4  usart_stm32f4xx.o(.constdata)
    USART1_tx                                0x2000475c   Data           8  usart_stm32f4xx.o(.constdata)
    USART1_rx                                0x20004764   Data           8  usart_stm32f4xx.o(.constdata)
    USART1_Resources                         0x2000476c   Data          52  usart_stm32f4xx.o(.constdata)
    .constdata                               0x200047d8   Section       16  system_stm32f4xx.o(.constdata)
    .constdata                               0x200047e8   Section       16  stm32f4xx_hal_rcc.o(.constdata)
    .constdata                               0x200047f8   Section        8  stm32f4xx_hal_dma.o(.constdata)
    flagBitshiftOffset                       0x200047f8   Data           8  stm32f4xx_hal_dma.o(.constdata)
    .data                                    0x20010000   Section       16  rtx_conf_cm.o(.data)
    .data                                    0x20010010   Section        4  system_stm32f4xx.o(.data)
    .data                                    0x20010014   Section        4  stm32f4xx_hal.o(.data)
    uwTick                                   0x20010014   Data           4  stm32f4xx_hal.o(.data)
    .data                                    0x20010018   Section        8  rt_cmsis.o(.data)
    .data                                    0x20010020   Section        8  rt_task.o(.data)
    .data                                    0x20010028   Section        8  rt_system.o(.data)
    os_lock                                  0x20010028   Data           1  rt_system.o(.data)
    os_psh_flag                              0x20010029   Data           1  rt_system.o(.data)
    pend_flags                               0x2001002a   Data           1  rt_system.o(.data)
    .data                                    0x20010030   Section        4  rt_time.o(.data)
    .data                                    0x20010034   Section        1  hal_cm.o(.data)
    .data                                    0x20010038   Section        8  rt_robin.o(.data)
    .bss                                     0x20010040   Section     2216  rtx_conf_cm.o(.bss)
    .bss                                     0x200108e8   Section       56  usart_stm32f4xx.o(.bss)
    USART1_Info                              0x200108e8   Data          20  usart_stm32f4xx.o(.bss)
    USART1_TransferInfo                      0x200108fc   Data          36  usart_stm32f4xx.o(.bss)
    .bss                                     0x20010920   Section       52  rt_task.o(.bss)
    .bss                                     0x20010954   Section       48  rt_list.o(.bss)
    STACK                                    0x20010988   Section     1024  startup_stm32f407xx.o(STACK)

    Global Symbols

    Symbol Name                              Value     Ov Type        Size  Object(Section)

    BuildAttributes$$THM_ISAv4$E$P$D$K$B$S$7EM$VFPi3$EXTD16$VFPS$VFMA$PE$A:L22UL41UL21$X:L11$S22US41US21$IEEE1$IW$USESV6$~STKCKD$USESV7$~SHL$OSPACE$EBA8$MICROLIB$REQ8$PRES8$EABIv2 0x00000000   Number         0  anon$$obj.o ABSOLUTE
    __ARM_use_no_argv                        0x00000000   Number         0  main.o ABSOLUTE
    __cpp_initialize__aeabi_                  - Undefined Weak Reference
    __cxa_finalize                            - Undefined Weak Reference
    __decompress                              - Undefined Weak Reference
    _clock_init                               - Undefined Weak Reference
    _microlib_exit                            - Undefined Weak Reference
    __Vectors_Size                           0x00000188   Number         0  startup_stm32f407xx.o ABSOLUTE
    __RL_RTX_VER                             0x00000481   Number         0  rt_system.o ABSOLUTE
    __Vectors                                0x20000000   Data           4  startup_stm32f407xx.o(RESET)
    __Vectors_End                            0x20000188   Data           0  startup_stm32f407xx.o(RESET)
    __main                                   0x20000189   Thumb Code     0  entry.o(.ARM.Collect$$$$00000000)
    _main_stk                                0x20000189   Thumb Code     0  entry2.o(.ARM.Collect$$$$00000001)
    _main_scatterload                        0x2000018d   Thumb Code     0  entry5.o(.ARM.Collect$$$$00000004)
    __main_after_scatterload                 0x20000191   Thumb Code     0  entry5.o(.ARM.Collect$$$$00000004)
    __rt_final_cpp                           0x20000191   Thumb Code     0  entry10a.o(.ARM.Collect$$$$0000000D)
    __rt_final_exit                          0x20000191   Thumb Code     0  entry11a.o(.ARM.Collect$$$$0000000F)
    _main_clock                              0x20000191   Thumb Code     0  entry7b.o(.ARM.Collect$$$$00000008)
    _main_cpp_init                           0x20000191   Thumb Code     0  entry8b.o(.ARM.Collect$$$$0000000A)
    _main_init                               0x20000191   Thumb Code    18  rtx_conf_cm.o(.ARM.Collect$$$$000000FF)
    rt_set_PSP                               0x200001ad   Thumb Code     6  hal_cm4.o(.emb_text)
    rt_get_PSP                               0x200001b3   Thumb Code     6  hal_cm4.o(.emb_text)
    os_set_env                               0x200001b9   Thumb Code    24  hal_cm4.o(.emb_text)
    _alloc_box                               0x200001d5   Thumb Code    28  hal_cm4.o(.emb_text)
    _free_box                                0x200001f5   Thumb Code    28  hal_cm4.o(.emb_text)
    SVC_Handler                              0x20000215   Thumb Code   168  hal_cm4.o(.emb_text)
    PendSV_Handler                           0x200002cd   Thumb Code    96  hal_cm4.o(.emb_text)
    SysTick_Handler                          0x20000331   Thumb Code     8  hal_cm4.o(.emb_text)
    OS_Tick_Handler                          0x20000339   Thumb Code    12  hal_cm4.o(.emb_text)
    SystemClock_Config()                     0x20000345   Thumb Code   138  main.o(.text)
    LEDInitialize()                          0x200003cf   Thumb Code    68  main.o(.text)
    LEDUninitialize()                        0x20000413   Thumb Code    14  main.o(.text)
    USART_Handler(unsigned)                  0x20000421   Thumb Code     2  main.o(.text)
    Usart1Initialize()                       0x20000423   Thumb Code    64  main.o(.text)
    Blinky(const void*)                      0x20000463   Thumb Code    50  main.o(.text)
    main                                     0x20000495   Thumb Code    32  main.o(.text)
    os_idle_demon                            0x200004d1   Thumb Code     4  rtx_conf_cm.o(.text)
    os_error                                 0x200004d5   Thumb Code    34  rtx_conf_cm.o(.text)
    USART_IRQHandler                         0x20001705   Thumb Code   626  usart_stm32f4xx.o(.text)
    USART1_IRQHandler                        0x20001a2f   Thumb Code    10  usart_stm32f4xx.o(.text)
    Reset_Handler                            0x20001a3d   Thumb Code     8  startup_stm32f407xx.o(.text)
    NMI_Handler                              0x20001a45   Thumb Code     2  startup_stm32f407xx.o(.text)
    HardFault_Handler                        0x20001a47   Thumb Code     2  startup_stm32f407xx.o(.text)
    MemManage_Handler                        0x20001a49   Thumb Code     2  startup_stm32f407xx.o(.text)
    BusFault_Handler                         0x20001a4b   Thumb Code     2  startup_stm32f407xx.o(.text)
    UsageFault_Handler                       0x20001a4d   Thumb Code     2  startup_stm32f407xx.o(.text)
    DebugMon_Handler                         0x20001a51   Thumb Code     2  startup_stm32f407xx.o(.text)
    ADC_IRQHandler                           0x20001a57   Thumb Code     0  startup_stm32f407xx.o(.text)
    CAN1_RX0_IRQHandler                      0x20001a57   Thumb Code     0  startup_stm32f407xx.o(.text)
    CAN1_RX1_IRQHandler                      0x20001a57   Thumb Code     0  startup_stm32f407xx.o(.text)
    CAN1_SCE_IRQHandler                      0x20001a57   Thumb Code     0  startup_stm32f407xx.o(.text)
    CAN1_TX_IRQHandler                       0x20001a57   Thumb Code     0  startup_stm32f407xx.o(.text)
    CAN2_RX0_IRQHandler                      0x20001a57   Thumb Code     0  startup_stm32f407xx.o(.text)
    CAN2_RX1_IRQHandler                      0x20001a57   Thumb Code     0  startup_stm32f407xx.o(.text)
    CAN2_SCE_IRQHandler                      0x20001a57   Thumb Code     0  startup_stm32f407xx.o(.text)
    CAN2_TX_IRQHandler                       0x20001a57   Thumb Code     0  startup_stm32f407xx.o(.text)
    DCMI_IRQHandler                          0x20001a57   Thumb Code     0  startup_stm32f407xx.o(.text)
    DMA1_Stream0_IRQHandler                  0x20001a57   Thumb Code     0  startup_stm32f407xx.o(.text)
    DMA1_Stream1_IRQHandler                  0x20001a57   Thumb Code     0  startup_stm32f407xx.o(.text)
    DMA1_Stream2_IRQHandler                  0x20001a57   Thumb Code     0  startup_stm32f407xx.o(.text)
    DMA1_Stream3_IRQHandler                  0x20001a57   Thumb Code     0  startup_stm32f407xx.o(.text)
    DMA1_Stream4_IRQHandler                  0x20001a57   Thumb Code     0  startup_stm32f407xx.o(.text)
    DMA1_Stream5_IRQHandler                  0x20001a57   Thumb Code     0  startup_stm32f407xx.o(.text)
    DMA1_Stream6_IRQHandler                  0x20001a57   Thumb Code     0  startup_stm32f407xx.o(.text)
    DMA1_Stream7_IRQHandler                  0x20001a57   Thumb Code     0  startup_stm32f407xx.o(.text)
    DMA2_Stream0_IRQHandler                  0x20001a57   Thumb Code     0  startup_stm32f407xx.o(.text)
    DMA2_Stream1_IRQHandler                  0x20001a57   Thumb Code     0  startup_stm32f407xx.o(.text)
    DMA2_Stream2_IRQHandler                  0x20001a57   Thumb Code     0  startup_stm32f407xx.o(.text)
    DMA2_Stream3_IRQHandler                  0x20001a57   Thumb Code     0  startup_stm32f407xx.o(.text)
    DMA2_Stream4_IRQHandler                  0x20001a57   Thumb Code     0  startup_stm32f407xx.o(.text)
    DMA2_Stream5_IRQHandler                  0x20001a57   Thumb Code     0  startup_stm32f407xx.o(.text)
    DMA2_Stream6_IRQHandler                  0x20001a57   Thumb Code     0  startup_stm32f407xx.o(.text)
    DMA2_Stream7_IRQHandler                  0x20001a57   Thumb Code     0  startup_stm32f407xx.o(.text)
    ETH_IRQHandler                           0x20001a57   Thumb Code     0  startup_stm32f407xx.o(.text)
    ETH_WKUP_IRQHandler                      0x20001a57   Thumb Code     0  startup_stm32f407xx.o(.text)
    EXTI0_IRQHandler                         0x20001a57   Thumb Code     0  startup_stm32f407xx.o(.text)
    EXTI15_10_IRQHandler                     0x20001a57   Thumb Code     0  startup_stm32f407xx.o(.text)
    EXTI1_IRQHandler                         0x20001a57   Thumb Code     0  startup_stm32f407xx.o(.text)
    EXTI2_IRQHandler                         0x20001a57   Thumb Code     0  startup_stm32f407xx.o(.text)
    EXTI3_IRQHandler                         0x20001a57   Thumb Code     0  startup_stm32f407xx.o(.text)
    EXTI4_IRQHandler                         0x20001a57   Thumb Code     0  startup_stm32f407xx.o(.text)
    EXTI9_5_IRQHandler                       0x20001a57   Thumb Code     0  startup_stm32f407xx.o(.text)
    FLASH_IRQHandler                         0x20001a57   Thumb Code     0  startup_stm32f407xx.o(.text)
    FMC_IRQHandler                           0x20001a57   Thumb Code     0  startup_stm32f407xx.o(.text)
    FPU_IRQHandler                           0x20001a57   Thumb Code     0  startup_stm32f407xx.o(.text)
    HASH_RNG_IRQHandler                      0x20001a57   Thumb Code     0  startup_stm32f407xx.o(.text)
    I2C1_ER_IRQHandler                       0x20001a57   Thumb Code     0  startup_stm32f407xx.o(.text)
    I2C1_EV_IRQHandler                       0x20001a57   Thumb Code     0  startup_stm32f407xx.o(.text)
    I2C2_ER_IRQHandler                       0x20001a57   Thumb Code     0  startup_stm32f407xx.o(.text)
    I2C2_EV_IRQHandler                       0x20001a57   Thumb Code     0  startup_stm32f407xx.o(.text)
    I2C3_ER_IRQHandler                       0x20001a57   Thumb Code     0  startup_stm32f407xx.o(.text)
    I2C3_EV_IRQHandler                       0x20001a57   Thumb Code     0  startup_stm32f407xx.o(.text)
    OTG_FS_IRQHandler                        0x20001a57   Thumb Code     0  startup_stm32f407xx.o(.text)
    OTG_FS_WKUP_IRQHandler                   0x20001a57   Thumb Code     0  startup_stm32f407xx.o(.text)
    OTG_HS_EP1_IN_IRQHandler                 0x20001a57   Thumb Code     0  startup_stm32f407xx.o(.text)
    OTG_HS_EP1_OUT_IRQHandler                0x20001a57   Thumb Code     0  startup_stm32f407xx.o(.text)
    OTG_HS_IRQHandler                        0x20001a57   Thumb Code     0  startup_stm32f407xx.o(.text)
    OTG_HS_WKUP_IRQHandler                   0x20001a57   Thumb Code     0  startup_stm32f407xx.o(.text)
    PVD_IRQHandler                           0x20001a57   Thumb Code     0  startup_stm32f407xx.o(.text)
    RCC_IRQHandler                           0x20001a57   Thumb Code     0  startup_stm32f407xx.o(.text)
    RTC_Alarm_IRQHandler                     0x20001a57   Thumb Code     0  startup_stm32f407xx.o(.text)
    RTC_WKUP_IRQHandler                      0x20001a57   Thumb Code     0  startup_stm32f407xx.o(.text)
    SDIO_IRQHandler                          0x20001a57   Thumb Code     0  startup_stm32f407xx.o(.text)
    SPI1_IRQHandler                          0x20001a57   Thumb Code     0  startup_stm32f407xx.o(.text)
    SPI2_IRQHandler                          0x20001a57   Thumb Code     0  startup_stm32f407xx.o(.text)
    SPI3_IRQHandler                          0x20001a57   Thumb Code     0  startup_stm32f407xx.o(.text)
    TAMP_STAMP_IRQHandler                    0x20001a57   Thumb Code     0  startup_stm32f407xx.o(.text)
    TIM1_BRK_TIM9_IRQHandler                 0x20001a57   Thumb Code     0  startup_stm32f407xx.o(.text)
    TIM1_CC_IRQHandler                       0x20001a57   Thumb Code     0  startup_stm32f407xx.o(.text)
    TIM1_TRG_COM_TIM11_IRQHandler            0x20001a57   Thumb Code     0  startup_stm32f407xx.o(.text)
    TIM1_UP_TIM10_IRQHandler                 0x20001a57   Thumb Code     0  startup_stm32f407xx.o(.text)
    TIM2_IRQHandler                          0x20001a57   Thumb Code     0  startup_stm32f407xx.o(.text)
    TIM3_IRQHandler                          0x20001a57   Thumb Code     0  startup_stm32f407xx.o(.text)
    TIM4_IRQHandler                          0x20001a57   Thumb Code     0  startup_stm32f407xx.o(.text)
    TIM5_IRQHandler                          0x20001a57   Thumb Code     0  startup_stm32f407xx.o(.text)
    TIM6_DAC_IRQHandler                      0x20001a57   Thumb Code     0  startup_stm32f407xx.o(.text)
    TIM7_IRQHandler                          0x20001a57   Thumb Code     0  startup_stm32f407xx.o(.text)
    TIM8_BRK_TIM12_IRQHandler                0x20001a57   Thumb Code     0  startup_stm32f407xx.o(.text)
    TIM8_CC_IRQHandler                       0x20001a57   Thumb Code     0  startup_stm32f407xx.o(.text)
    TIM8_TRG_COM_TIM14_IRQHandler            0x20001a57   Thumb Code     0  startup_stm32f407xx.o(.text)
    TIM8_UP_TIM13_IRQHandler                 0x20001a57   Thumb Code     0  startup_stm32f407xx.o(.text)
    UART4_IRQHandler                         0x20001a57   Thumb Code     0  startup_stm32f407xx.o(.text)
    UART5_IRQHandler                         0x20001a57   Thumb Code     0  startup_stm32f407xx.o(.text)
    USART2_IRQHandler                        0x20001a57   Thumb Code     0  startup_stm32f407xx.o(.text)
    USART3_IRQHandler                        0x20001a57   Thumb Code     0  startup_stm32f407xx.o(.text)
    USART6_IRQHandler                        0x20001a57   Thumb Code     0  startup_stm32f407xx.o(.text)
    WWDG_IRQHandler                          0x20001a57   Thumb Code     0  startup_stm32f407xx.o(.text)
    SystemInit                               0x20001a61   Thumb Code    82  system_stm32f4xx.o(.text)
    SystemCoreClockUpdate                    0x20001ab3   Thumb Code   174  system_stm32f4xx.o(.text)
    HAL_MspInit                              0x20001b81   Thumb Code    10  stm32f4xx_hal.o(.text)
    HAL_InitTick                             0x20001b8b   Thumb Code    36  stm32f4xx_hal.o(.text)
    HAL_Init                                 0x20001baf   Thumb Code    54  stm32f4xx_hal.o(.text)
    HAL_MspDeInit                            0x20001be5   Thumb Code    10  stm32f4xx_hal.o(.text)
    HAL_DeInit                               0x20001bef   Thumb Code    64  stm32f4xx_hal.o(.text)
    HAL_IncTick                              0x20001c2f   Thumb Code    12  stm32f4xx_hal.o(.text)
    HAL_GetTick                              0x20001c3b   Thumb Code     6  stm32f4xx_hal.o(.text)
    HAL_Delay                                0x20001c41   Thumb Code    26  stm32f4xx_hal.o(.text)
    HAL_SuspendTick                          0x20001c5b   Thumb Code    18  stm32f4xx_hal.o(.text)
    HAL_ResumeTick                           0x20001c6d   Thumb Code    18  stm32f4xx_hal.o(.text)
    HAL_GetHalVersion                        0x20001c7f   Thumb Code     4  stm32f4xx_hal.o(.text)
    HAL_GetREVID                             0x20001c83   Thumb Code     8  stm32f4xx_hal.o(.text)
    HAL_GetDEVID                             0x20001c8b   Thumb Code    10  stm32f4xx_hal.o(.text)
    HAL_DBGMCU_EnableDBGSleepMode            0x20001c95   Thumb Code    14  stm32f4xx_hal.o(.text)
    HAL_DBGMCU_DisableDBGSleepMode           0x20001ca3   Thumb Code    14  stm32f4xx_hal.o(.text)
    HAL_DBGMCU_EnableDBGStopMode             0x20001cb1   Thumb Code    14  stm32f4xx_hal.o(.text)
    HAL_DBGMCU_DisableDBGStopMode            0x20001cbf   Thumb Code    14  stm32f4xx_hal.o(.text)
    HAL_DBGMCU_EnableDBGStandbyMode          0x20001ccd   Thumb Code    14  stm32f4xx_hal.o(.text)
    HAL_DBGMCU_DisableDBGStandbyMode         0x20001cdb   Thumb Code    14  stm32f4xx_hal.o(.text)
    HAL_EnableCompensationCell               0x20001ce9   Thumb Code    22  stm32f4xx_hal.o(.text)
    HAL_DisableCompensationCell              0x20001cff   Thumb Code    24  stm32f4xx_hal.o(.text)
    HAL_NVIC_SetPriorityGrouping             0x20001d51   Thumb Code    36  stm32f4xx_hal_cortex.o(.text)
    HAL_NVIC_SetPriority                     0x20001d75   Thumb Code   124  stm32f4xx_hal_cortex.o(.text)
    HAL_NVIC_EnableIRQ                       0x20001df1   Thumb Code    32  stm32f4xx_hal_cortex.o(.text)
    HAL_NVIC_DisableIRQ                      0x20001e11   Thumb Code    30  stm32f4xx_hal_cortex.o(.text)
    HAL_NVIC_SystemReset                     0x20001e2f   Thumb Code    64  stm32f4xx_hal_cortex.o(.text)
    HAL_SYSTICK_Config                       0x20001e6f   Thumb Code    52  stm32f4xx_hal_cortex.o(.text)
    HAL_MPU_ConfigRegion                     0x20001ea3   Thumb Code    90  stm32f4xx_hal_cortex.o(.text)
    HAL_NVIC_GetPriorityGrouping             0x20001efd   Thumb Code     8  stm32f4xx_hal_cortex.o(.text)
    HAL_NVIC_GetPriority                     0x20001f05   Thumb Code   138  stm32f4xx_hal_cortex.o(.text)
    HAL_NVIC_SetPendingIRQ                   0x20001f8f   Thumb Code    32  stm32f4xx_hal_cortex.o(.text)
    HAL_NVIC_GetPendingIRQ                   0x20001faf   Thumb Code    46  stm32f4xx_hal_cortex.o(.text)
    HAL_NVIC_ClearPendingIRQ                 0x20001fdd   Thumb Code    30  stm32f4xx_hal_cortex.o(.text)
    HAL_NVIC_GetActive                       0x20001ffb   Thumb Code    46  stm32f4xx_hal_cortex.o(.text)
    HAL_SYSTICK_CLKSourceConfig              0x20002029   Thumb Code    40  stm32f4xx_hal_cortex.o(.text)
    HAL_SYSTICK_Callback                     0x20002051   Thumb Code    10  stm32f4xx_hal_cortex.o(.text)
    HAL_SYSTICK_IRQHandler                   0x2000205b   Thumb Code     8  stm32f4xx_hal_cortex.o(.text)
    HAL_GPIO_Init                            0x20002085   Thumb Code   476  stm32f4xx_hal_gpio.o(.text)
    HAL_GPIO_DeInit                          0x20002261   Thumb Code   326  stm32f4xx_hal_gpio.o(.text)
    HAL_GPIO_ReadPin                         0x200023a7   Thumb Code    16  stm32f4xx_hal_gpio.o(.text)
    HAL_GPIO_WritePin                        0x200023b7   Thumb Code    12  stm32f4xx_hal_gpio.o(.text)
    HAL_GPIO_TogglePin                       0x200023c3   Thumb Code     8  stm32f4xx_hal_gpio.o(.text)
    HAL_GPIO_LockPin                         0x200023cb   Thumb Code    46  stm32f4xx_hal_gpio.o(.text)
    HAL_GPIO_EXTI_Callback                   0x200023f9   Thumb Code    10  stm32f4xx_hal_gpio.o(.text)
    HAL_GPIO_EXTI_IRQHandler                 0x20002403   Thumb Code    28  stm32f4xx_hal_gpio.o(.text)
    HAL_RCC_OscConfig                        0x20002453   Thumb Code  1032  stm32f4xx_hal_rcc.o(.text)
    HAL_RCC_ClockConfig                      0x2000285b   Thumb Code   680  stm32f4xx_hal_rcc.o(.text)
    HAL_RCC_MCOConfig                        0x20002b03   Thumb Code   178  stm32f4xx_hal_rcc.o(.text)
    HAL_RCC_EnableCSS                        0x20002bb5   Thumb Code     8  stm32f4xx_hal_rcc.o(.text)
    HAL_RCC_DisableCSS                       0x20002bbd   Thumb Code     8  stm32f4xx_hal_rcc.o(.text)
    HAL_RCC_GetSysClockFreq                  0x20002bc5   Thumb Code   198  stm32f4xx_hal_rcc.o(.text)
    HAL_RCC_GetHCLKFreq                      0x20002c8b   Thumb Code    42  stm32f4xx_hal_rcc.o(.text)
    HAL_RCC_GetPCLK1Freq                     0x20002cb5   Thumb Code    36  stm32f4xx_hal_rcc.o(.text)
    HAL_RCC_GetPCLK2Freq                     0x20002cd9   Thumb Code    36  stm32f4xx_hal_rcc.o(.text)
    HAL_RCC_GetOscConfig                     0x20002cfd   Thumb Code   296  stm32f4xx_hal_rcc.o(.text)
    HAL_RCC_GetClockConfig                   0x20002e25   Thumb Code    58  stm32f4xx_hal_rcc.o(.text)
    HAL_RCC_CSSCallback                      0x20002e5f   Thumb Code    10  stm32f4xx_hal_rcc.o(.text)
    HAL_RCC_NMI_IRQHandler                   0x20002e69   Thumb Code    30  stm32f4xx_hal_rcc.o(.text)
    HAL_DMA_Init                             0x20002ecb   Thumb Code   128  stm32f4xx_hal_dma.o(.text)
    HAL_DMA_DeInit                           0x20002f4b   Thumb Code   100  stm32f4xx_hal_dma.o(.text)
    HAL_DMA_Start                            0x20002fdb   Thumb Code    82  stm32f4xx_hal_dma.o(.text)
    HAL_DMA_Start_IT                         0x2000302d   Thumb Code   106  stm32f4xx_hal_dma.o(.text)
    HAL_DMA_Abort                            0x20003097   Thumb Code    94  stm32f4xx_hal_dma.o(.text)
    HAL_DMA_PollForTransfer                  0x200030f5   Thumb Code   412  stm32f4xx_hal_dma.o(.text)
    HAL_DMA_IRQHandler                       0x20003291   Thumb Code   530  stm32f4xx_hal_dma.o(.text)
    HAL_DMA_GetState                         0x200034a3   Thumb Code     8  stm32f4xx_hal_dma.o(.text)
    HAL_DMA_GetError                         0x200034ab   Thumb Code     6  stm32f4xx_hal_dma.o(.text)
    __aeabi_memset                           0x200034b5   Thumb Code    14  memseta.o(.text)
    __aeabi_memset4                          0x200034b5   Thumb Code     0  memseta.o(.text)
    __aeabi_memset8                          0x200034b5   Thumb Code     0  memseta.o(.text)
    __aeabi_memclr                           0x200034c3   Thumb Code     4  memseta.o(.text)
    __aeabi_memclr4                          0x200034c3   Thumb Code     0  memseta.o(.text)
    __aeabi_memclr8                          0x200034c3   Thumb Code     0  memseta.o(.text)
    _memset$wrapper                          0x200034c7   Thumb Code    18  memseta.o(.text)
    __scatterload                            0x200034d9   Thumb Code    28  init.o(.text)
    __scatterload_rt2                        0x200034d9   Thumb Code     0  init.o(.text)
    SVC_Count                                0x200034fc   Data           4  svc_table.o(SVC_TABLE)
    SVC_Table                                0x20003500   Data           0  svc_table.o(SVC_TABLE)
    __scatterload_copy                       0x20003501   Thumb Code    14  handlers.o(i.__scatterload_copy)
    __scatterload_null                       0x2000350f   Thumb Code     2  handlers.o(i.__scatterload_null)
    __scatterload_zeroinit                   0x20003511   Thumb Code    14  handlers.o(i.__scatterload_zeroinit)
    _init_box                                0x2000351f   Thumb Code    70  rt_membox.o(i._init_box)
    dbg_init                                 0x20003565   Thumb Code    34  hal_cm.o(i.dbg_init)
    dbg_task_notify                          0x20003595   Thumb Code    32  hal_cm.o(i.dbg_task_notify)
    dbg_task_switch                          0x200035b5   Thumb Code    16  hal_cm.o(i.dbg_task_switch)
    isrMessageGet                            0x200035c5   Thumb Code    42  rt_cmsis.o(i.isrMessageGet)
    isrMessagePut                            0x200035ef   Thumb Code    44  rt_cmsis.o(i.isrMessagePut)
    isr_mbx_receive                          0x2000361d   Thumb Code    86  rt_mailbox.o(i.isr_mbx_receive)
    isr_mbx_send                             0x20003673   Thumb Code    14  rt_mailbox.o(i.isr_mbx_send)
    osDelay                                  0x20003681   Thumb Code    18  rt_cmsis.o(i.osDelay)
    osKernelInitialize                       0x20003699   Thumb Code    30  rt_cmsis.o(i.osKernelInitialize)
    osKernelStart                            0x200036bd   Thumb Code    98  rt_cmsis.o(i.osKernelStart)
    osMessageGet                             0x20003729   Thumb Code    18  rt_cmsis.o(i.osMessageGet)
    osThreadCreate                           0x20003741   Thumb Code    38  rt_cmsis.o(i.osThreadCreate)
    osThreadExit                             0x20003771   Thumb Code    14  rt_cmsis.o(i.osThreadExit)
    osTimerCall                              0x20003789   Thumb Code     8  rt_cmsis.o(i.osTimerCall)
    osTimerThread                            0x20003795   Thumb Code    38  rt_cmsis.o(i.osTimerThread)
    os_tick_init                             0x200037c1   Thumb Code    32  rt_system.o(i.os_tick_init)
    os_tick_irqack                           0x200037e9   Thumb Code     2  rt_system.o(i.os_tick_irqack)
    rt_alloc_box                             0x200037eb   Thumb Code    26  rt_membox.o(i.rt_alloc_box)
    rt_alloc_mem                             0x20003805   Thumb Code    62  rt_memory.o(i.rt_alloc_mem)
    rt_block                                 0x20003845   Thumb Code    48  rt_task.o(i.rt_block)
    rt_chk_robin                             0x2000387d   Thumb Code    60  rt_robin.o(i.rt_chk_robin)
    rt_dec_dly                               0x200038c5   Thumb Code   102  rt_list.o(i.rt_dec_dly)
    rt_dispatch                              0x20003935   Thumb Code    60  rt_task.o(i.rt_dispatch)
    rt_dly_wait                              0x20003979   Thumb Code     6  rt_time.o(i.rt_dly_wait)
    rt_evt_psh                               0x20003981   Thumb Code    76  rt_event.o(i.rt_evt_psh)
    rt_free_box                              0x200039d1   Thumb Code    44  rt_membox.o(i.rt_free_box)
    rt_free_mem                              0x200039fd   Thumb Code    40  rt_memory.o(i.rt_free_mem)
    rt_get_first                             0x20003a25   Thumb Code    40  rt_list.o(i.rt_get_first)
    rt_init_mem                              0x20003a9d   Thumb Code    26  rt_memory.o(i.rt_init_mem)
    rt_init_robin                            0x20003ab9   Thumb Code    14  rt_robin.o(i.rt_init_robin)
    rt_init_stack                            0x20003ad1   Thumb Code   118  hal_cm.o(i.rt_init_stack)
    rt_mbx_check                             0x20003b51   Thumb Code     8  rt_mailbox.o(i.rt_mbx_check)
    rt_mbx_init                              0x20003b59   Thumb Code    26  rt_mailbox.o(i.rt_mbx_init)
    rt_mbx_psh                               0x20003b75   Thumb Code   236  rt_mailbox.o(i.rt_mbx_psh)
    rt_mbx_wait                              0x20003c65   Thumb Code   174  rt_mailbox.o(i.rt_mbx_wait)
    rt_pop_req                               0x20003d5d   Thumb Code   112  rt_system.o(i.rt_pop_req)
    rt_psh_req                               0x20003dd9   Thumb Code    22  rt_system.o(i.rt_psh_req)
    rt_psq_enq                               0x20003df9   Thumb Code    88  rt_list.o(i.rt_psq_enq)
    rt_put_dly                               0x20003e55   Thumb Code    68  rt_list.o(i.rt_put_dly)
    rt_put_prio                              0x20003e9d   Thumb Code    54  rt_list.o(i.rt_put_prio)
    rt_put_rdy_first                         0x20003ed5   Thumb Code    14  rt_list.o(i.rt_put_rdy_first)
    rt_resort_prio                           0x20003ee9   Thumb Code    46  rt_list.o(i.rt_resort_prio)
    rt_ret_val                               0x20003f2d   Thumb Code    12  hal_cm.o(i.rt_ret_val)
    rt_ret_val2                              0x20003f39   Thumb Code    16  hal_cm.o(i.rt_ret_val2)
    rt_rmv_dly                               0x20003f49   Thumb Code    40  rt_list.o(i.rt_rmv_dly)
    rt_rmv_list                              0x20003f71   Thumb Code    44  rt_list.o(i.rt_rmv_list)
    rt_sem_psh                               0x20003fa1   Thumb Code    48  rt_semaphore.o(i.rt_sem_psh)
    rt_stk_check                             0x20003fd5   Thumb Code    28  rt_system.o(i.rt_stk_check)
    rt_switch_req                            0x20003ff9   Thumb Code    30  rt_task.o(i.rt_switch_req)
    rt_sys_init                              0x20004021   Thumb Code   138  rt_task.o(i.rt_sys_init)
    rt_sys_start                             0x200040ed   Thumb Code   110  rt_task.o(i.rt_sys_start)
    rt_systick                               0x20004165   Thumb Code    50  rt_system.o(i.rt_systick)
    rt_tsk_create                            0x200041ed   Thumb Code   118  rt_task.o(i.rt_tsk_create)
    rt_tsk_delete                            0x20004275   Thumb Code   352  rt_task.o(i.rt_tsk_delete)
    rt_tsk_prio                              0x200043f1   Thumb Code   108  rt_task.o(i.rt_tsk_prio)
    rt_tsk_self                              0x2000446d   Thumb Code    12  rt_task.o(i.rt_tsk_self)
    svcDelay                                 0x2000447d   Thumb Code    18  rt_cmsis.o(i.svcDelay)
    svcKernelInitialize                      0x20004491   Thumb Code    80  rt_cmsis.o(i.svcKernelInitialize)
    svcKernelStart                           0x20004501   Thumb Code    62  rt_cmsis.o(i.svcKernelStart)
    svcMessageCreate                         0x20004549   Thumb Code    36  rt_cmsis.o(i.svcMessageCreate)
    svcMessageGet                            0x2000456d   Thumb Code    58  rt_cmsis.o(i.svcMessageGet)
    svcThreadCreate                          0x200045a9   Thumb Code   100  rt_cmsis.o(i.svcThreadCreate)
    svcThreadGetId                           0x20004619   Thumb Code    22  rt_cmsis.o(i.svcThreadGetId)
    svcThreadTerminate                       0x20004635   Thumb Code    50  rt_cmsis.o(i.svcThreadTerminate)
    svcTimerCall                             0x2000466d   Thumb Code    24  rt_cmsis.o(i.svcTimerCall)
    sysTimerTick                             0x20004685   Thumb Code    84  rt_cmsis.o(i.sysTimerTick)
    os_maxtaskrun                            0x200046f0   Data           2  rtx_conf_cm.o(.constdata)
    os_stackinfo                             0x200046f4   Data           4  rtx_conf_cm.o(.constdata)
    os_rrobin                                0x200046f8   Data           4  rtx_conf_cm.o(.constdata)
    os_tickfreq                              0x200046fc   Data           4  rtx_conf_cm.o(.constdata)
    os_tickus_i                              0x20004700   Data           2  rtx_conf_cm.o(.constdata)
    os_tickus_f                              0x20004702   Data           2  rtx_conf_cm.o(.constdata)
    os_trv                                   0x20004704   Data           4  rtx_conf_cm.o(.constdata)
    os_flags                                 0x20004708   Data           1  rtx_conf_cm.o(.constdata)
    CMSIS_RTOS_API_Version                   0x2000470c   Data           4  rtx_conf_cm.o(.constdata)
    CMSIS_RTOS_RTX_Version                   0x20004710   Data           4  rtx_conf_cm.o(.constdata)
    os_clockrate                             0x20004714   Data           4  rtx_conf_cm.o(.constdata)
    os_timernum                              0x20004718   Data           4  rtx_conf_cm.o(.constdata)
    mp_tcb_size                              0x2000471c   Data           2  rtx_conf_cm.o(.constdata)
    mp_stk_size                              0x20004720   Data           4  rtx_conf_cm.o(.constdata)
    os_stack_sz                              0x20004724   Data           4  rtx_conf_cm.o(.constdata)
    os_fifo_size                             0x20004728   Data           1  rtx_conf_cm.o(.constdata)
    os_thread_def_osTimerThread              0x2000472c   Data          16  rtx_conf_cm.o(.constdata)
    os_messageQ_def_osTimerMessageQ          0x2000473c   Data           8  rtx_conf_cm.o(.constdata)
    mp_tmr_size                              0x20004744   Data           2  rtx_conf_cm.o(.constdata)
    os_thread_def_main                       0x20004748   Data          16  rtx_conf_cm.o(.constdata)
    Driver_USART1                            0x200047a0   Data          56  usart_stm32f4xx.o(.constdata)
    AHBPrescTable                            0x200047d8   Data          16  system_stm32f4xx.o(.constdata)
    APBAHBPrescTable                         0x200047e8   Data          16  stm32f4xx_hal_rcc.o(.constdata)
    Region$$Table$$Base                      0x20004800   Number         0  anon$$obj.o(Region$$Table)
    Region$$Table$$Limit                     0x20004820   Number         0  anon$$obj.o(Region$$Table)
    osThreadId_osTimerThread                 0x20010000   Data           4  rtx_conf_cm.o(.data)
    osMessageQId_osTimerMessageQ             0x20010004   Data           4  rtx_conf_cm.o(.data)
    os_tmr                                   0x20010008   Data           4  rtx_conf_cm.o(.data)
    m_tmr                                    0x2001000c   Data           4  rtx_conf_cm.o(.data)
    SystemCoreClock                          0x20010010   Data           4  system_stm32f4xx.o(.data)
    os_initialized                           0x20010018   Data           1  rt_cmsis.o(.data)
    os_running                               0x20010019   Data           1  rt_cmsis.o(.data)
    os_timer_head                            0x2001001c   Data           4  rt_cmsis.o(.data)
    os_tsk                                   0x20010020   Data           8  rt_task.o(.data)
    os_tick_irqn                             0x2001002c   Data           4  rt_system.o(.data)
    os_time                                  0x20010030   Data           4  rt_time.o(.data)
    dbg_msg                                  0x20010034   Data           1  hal_cm.o(.data)
    os_robin                                 0x20010038   Data           8  rt_robin.o(.data)
    mp_tcb                                   0x20010040   Data         376  rtx_conf_cm.o(.bss)
    mp_stk                                   0x200101b8   Data        1216  rtx_conf_cm.o(.bss)
    os_stack_mem                             0x20010678   Data         432  rtx_conf_cm.o(.bss)
    os_fifo                                  0x20010828   Data         132  rtx_conf_cm.o(.bss)
    os_active_TCB                            0x200108ac   Data          28  rtx_conf_cm.o(.bss)
    os_messageQ_q_osTimerMessageQ            0x200108c8   Data          32  rtx_conf_cm.o(.bss)
    os_idle_TCB                              0x20010920   Data          52  rt_task.o(.bss)
    os_rdy                                   0x20010954   Data          24  rt_list.o(.bss)
    os_dly                                   0x2001096c   Data          24  rt_list.o(.bss)
    __initial_sp                             0x20010d88   Data           0  startup_stm32f407xx.o(STACK)



==============================================================================

Memory Map of the image

  Image Entry point : 0x20000189

  Load Region LR_IROM1 (Base: 0x20000000, Size: 0x00004860, Max: 0x00010000, ABSOLUTE)

    Execution Region ER_IROM1 (Base: 0x20000000, Size: 0x00004820, Max: 0x00010000, ABSOLUTE)

    Base Addr    Size         Type   Attr      Idx    E Section Name        Object

    0x20000000   0x00000188   Data   RO          308    RESET               startup_stm32f407xx.o
    0x20000188   0x00000000   Code   RO         1821  * .ARM.Collect$$$$00000000  mc_w.l(entry.o)
    0x20000188   0x00000004   Code   RO         1828    .ARM.Collect$$$$00000001  mc_w.l(entry2.o)
    0x2000018c   0x00000004   Code   RO         1831    .ARM.Collect$$$$00000004  mc_w.l(entry5.o)
    0x20000190   0x00000000   Code   RO         1833    .ARM.Collect$$$$00000008  mc_w.l(entry7b.o)
    0x20000190   0x00000000   Code   RO         1835    .ARM.Collect$$$$0000000A  mc_w.l(entry8b.o)
    0x20000190   0x00000000   Code   RO         1836    .ARM.Collect$$$$0000000D  mc_w.l(entry10a.o)
    0x20000190   0x00000000   Code   RO         1838    .ARM.Collect$$$$0000000F  mc_w.l(entry11a.o)
    0x20000190   0x00000018   Code   RO          137    .ARM.Collect$$$$000000FF  rtx_conf_cm.o
    0x200001a8   0x00000004   Code   RO         1829    .ARM.Collect$$$$00002712  mc_w.l(entry2.o)
    0x200001ac   0x00000198   Code   RO         1808    .emb_text           RTX_CM4.lib(hal_cm4.o)
    0x20000344   0x0000018c   Code   RO            4    .text               main.o
    0x200004d0   0x00000026   Code   RO          138    .text               rtx_conf_cm.o
    0x200004f6   0x00000002   PAD
    0x200004f8   0x00001544   Code   RO          176    .text               usart_stm32f4xx.o
    0x20001a3c   0x00000024   Code   RO          309    .text               startup_stm32f407xx.o
    0x20001a60   0x00000120   Code   RO          316    .text               system_stm32f4xx.o
    0x20001b80   0x000001b0   Code   RO          351    .text               stm32f4xx_hal.o
    0x20001d30   0x00000354   Code   RO          381    .text               stm32f4xx_hal_cortex.o
    0x20002084   0x000003cc   Code   RO          409    .text               stm32f4xx_hal_gpio.o
    0x20002450   0x00000a4c   Code   RO          481    .text               stm32f4xx_hal_rcc.o
    0x20002e9c   0x00000618   Code   RO          532    .text               stm32f4xx_hal_dma.o
    0x200034b4   0x00000024   Code   RO         1826    .text               mc_w.l(memseta.o)
    0x200034d8   0x00000024   Code   RO         1844    .text               mc_w.l(init.o)
    0x200034fc   0x00000004   Code   RO         1818    SVC_TABLE           RTX_CM4.lib(svc_table.o)
    0x20003500   0x0000000e   Code   RO         1848    i.__scatterload_copy  mc_w.l(handlers.o)
    0x2000350e   0x00000002   Code   RO         1849    i.__scatterload_null  mc_w.l(handlers.o)
    0x20003510   0x0000000e   Code   RO         1850    i.__scatterload_zeroinit  mc_w.l(handlers.o)
    0x2000351e   0x00000046   Code   RO         1681    i._init_box         RTX_CM4.lib(rt_membox.o)
    0x20003564   0x00000030   Code   RO         1734    i.dbg_init          RTX_CM4.lib(hal_cm.o)
    0x20003594   0x00000020   Code   RO         1735    i.dbg_task_notify   RTX_CM4.lib(hal_cm.o)
    0x200035b4   0x00000010   Code   RO         1736    i.dbg_task_switch   RTX_CM4.lib(hal_cm.o)
    0x200035c4   0x0000002a   Code   RO          605    i.isrMessageGet     RTX_CM4.lib(rt_cmsis.o)
    0x200035ee   0x0000002c   Code   RO          606    i.isrMessagePut     RTX_CM4.lib(rt_cmsis.o)
    0x2000361a   0x00000002   PAD
    0x2000361c   0x00000056   Code   RO         1527    i.isr_mbx_receive   RTX_CM4.lib(rt_mailbox.o)
    0x20003672   0x0000000e   Code   RO         1528    i.isr_mbx_send      RTX_CM4.lib(rt_mailbox.o)
    0x20003680   0x00000018   Code   RO          609    i.osDelay           RTX_CM4.lib(rt_cmsis.o)
    0x20003698   0x00000024   Code   RO          610    i.osKernelInitialize  RTX_CM4.lib(rt_cmsis.o)
    0x200036bc   0x0000006c   Code   RO          612    i.osKernelStart     RTX_CM4.lib(rt_cmsis.o)
    0x20003728   0x00000018   Code   RO          621    i.osMessageGet      RTX_CM4.lib(rt_cmsis.o)
    0x20003740   0x00000030   Code   RO          638    i.osThreadCreate    RTX_CM4.lib(rt_cmsis.o)
    0x20003770   0x00000018   Code   RO          639    i.osThreadExit      RTX_CM4.lib(rt_cmsis.o)
    0x20003788   0x0000000c   Code   RO          645    i.osTimerCall       RTX_CM4.lib(rt_cmsis.o)
    0x20003794   0x0000002c   Code   RO          650    i.osTimerThread     RTX_CM4.lib(rt_cmsis.o)
    0x200037c0   0x00000028   Code   RO         1315    i.os_tick_init      RTX_CM4.lib(rt_system.o)
    0x200037e8   0x00000002   Code   RO         1316    i.os_tick_irqack    RTX_CM4.lib(rt_system.o)
    0x200037ea   0x0000001a   Code   RO         1682    i.rt_alloc_box      RTX_CM4.lib(rt_membox.o)
    0x20003804   0x0000003e   Code   RO         1710    i.rt_alloc_mem      RTX_CM4.lib(rt_memory.o)
    0x20003842   0x00000002   PAD
    0x20003844   0x00000038   Code   RO         1230    i.rt_block          RTX_CM4.lib(rt_task.o)
    0x2000387c   0x00000048   Code   RO         1787    i.rt_chk_robin      RTX_CM4.lib(rt_robin.o)
    0x200038c4   0x00000070   Code   RO         1451    i.rt_dec_dly        RTX_CM4.lib(rt_list.o)
    0x20003934   0x00000044   Code   RO         1231    i.rt_dispatch       RTX_CM4.lib(rt_task.o)
    0x20003978   0x00000006   Code   RO         1617    i.rt_dly_wait       RTX_CM4.lib(rt_time.o)
    0x2000397e   0x00000002   PAD
    0x20003980   0x00000050   Code   RO         1408    i.rt_evt_psh        RTX_CM4.lib(rt_event.o)
    0x200039d0   0x0000002c   Code   RO         1683    i.rt_free_box       RTX_CM4.lib(rt_membox.o)
    0x200039fc   0x00000028   Code   RO         1711    i.rt_free_mem       RTX_CM4.lib(rt_memory.o)
    0x20003a24   0x00000028   Code   RO         1452    i.rt_get_first      RTX_CM4.lib(rt_list.o)
    0x20003a4c   0x00000008   Code   RO          655    i.rt_id2obj         RTX_CM4.lib(rt_cmsis.o)
    0x20003a54   0x00000048   Code   RO         1232    i.rt_init_context   RTX_CM4.lib(rt_task.o)
    0x20003a9c   0x0000001a   Code   RO         1712    i.rt_init_mem       RTX_CM4.lib(rt_memory.o)
    0x20003ab6   0x00000002   PAD
    0x20003ab8   0x00000018   Code   RO         1788    i.rt_init_robin     RTX_CM4.lib(rt_robin.o)
    0x20003ad0   0x00000080   Code   RO         1737    i.rt_init_stack     RTX_CM4.lib(hal_cm.o)
    0x20003b50   0x00000008   Code   RO         1529    i.rt_mbx_check      RTX_CM4.lib(rt_mailbox.o)
    0x20003b58   0x0000001a   Code   RO         1530    i.rt_mbx_init       RTX_CM4.lib(rt_mailbox.o)
    0x20003b72   0x00000002   PAD
    0x20003b74   0x000000f0   Code   RO         1531    i.rt_mbx_psh        RTX_CM4.lib(rt_mailbox.o)
    0x20003c64   0x000000b4   Code   RO         1533    i.rt_mbx_wait       RTX_CM4.lib(rt_mailbox.o)
    0x20003d18   0x00000044   Code   RO          656    i.rt_ms2tick        RTX_CM4.lib(rt_cmsis.o)
    0x20003d5c   0x0000007c   Code   RO         1319    i.rt_pop_req        RTX_CM4.lib(rt_system.o)
    0x20003dd8   0x00000020   Code   RO         1320    i.rt_psh_req        RTX_CM4.lib(rt_system.o)
    0x20003df8   0x0000005c   Code   RO         1454    i.rt_psq_enq        RTX_CM4.lib(rt_list.o)
    0x20003e54   0x00000048   Code   RO         1455    i.rt_put_dly        RTX_CM4.lib(rt_list.o)
    0x20003e9c   0x00000036   Code   RO         1456    i.rt_put_prio       RTX_CM4.lib(rt_list.o)
    0x20003ed2   0x00000002   PAD
    0x20003ed4   0x00000014   Code   RO         1457    i.rt_put_rdy_first  RTX_CM4.lib(rt_list.o)
    0x20003ee8   0x00000034   Code   RO         1458    i.rt_resort_prio    RTX_CM4.lib(rt_list.o)
    0x20003f1c   0x00000010   Code   RO         1738    i.rt_ret_regs       RTX_CM4.lib(hal_cm.o)
    0x20003f2c   0x0000000c   Code   RO         1739    i.rt_ret_val        RTX_CM4.lib(hal_cm.o)
    0x20003f38   0x00000010   Code   RO         1740    i.rt_ret_val2       RTX_CM4.lib(hal_cm.o)
    0x20003f48   0x00000028   Code   RO         1459    i.rt_rmv_dly        RTX_CM4.lib(rt_list.o)
    0x20003f70   0x00000030   Code   RO         1460    i.rt_rmv_list       RTX_CM4.lib(rt_list.o)
    0x20003fa0   0x00000034   Code   RO         1578    i.rt_sem_psh        RTX_CM4.lib(rt_semaphore.o)
    0x20003fd4   0x00000024   Code   RO         1322    i.rt_stk_check      RTX_CM4.lib(rt_system.o)
    0x20003ff8   0x00000028   Code   RO         1233    i.rt_switch_req     RTX_CM4.lib(rt_task.o)
    0x20004020   0x000000cc   Code   RO         1234    i.rt_sys_init       RTX_CM4.lib(rt_task.o)
    0x200040ec   0x00000078   Code   RO         1235    i.rt_sys_start      RTX_CM4.lib(rt_task.o)
    0x20004164   0x00000040   Code   RO         1324    i.rt_systick        RTX_CM4.lib(rt_system.o)
    0x200041a4   0x00000012   Code   RO          657    i.rt_tid2ptcb       RTX_CM4.lib(rt_cmsis.o)
    0x200041b6   0x00000002   PAD
    0x200041b8   0x00000034   Code   RO          658    i.rt_timer_insert   RTX_CM4.lib(rt_cmsis.o)
    0x200041ec   0x00000088   Code   RO         1236    i.rt_tsk_create     RTX_CM4.lib(rt_task.o)
    0x20004274   0x0000017c   Code   RO         1237    i.rt_tsk_delete     RTX_CM4.lib(rt_task.o)
    0x200043f0   0x0000007c   Code   RO         1239    i.rt_tsk_prio       RTX_CM4.lib(rt_task.o)
    0x2000446c   0x00000010   Code   RO         1240    i.rt_tsk_self       RTX_CM4.lib(rt_task.o)
    0x2000447c   0x00000012   Code   RO          660    i.svcDelay          RTX_CM4.lib(rt_cmsis.o)
    0x2000448e   0x00000002   PAD
    0x20004490   0x00000070   Code   RO          661    i.svcKernelInitialize  RTX_CM4.lib(rt_cmsis.o)
    0x20004500   0x00000048   Code   RO          663    i.svcKernelStart    RTX_CM4.lib(rt_cmsis.o)
    0x20004548   0x00000024   Code   RO          666    i.svcMessageCreate  RTX_CM4.lib(rt_cmsis.o)
    0x2000456c   0x0000003a   Code   RO          667    i.svcMessageGet     RTX_CM4.lib(rt_cmsis.o)
    0x200045a6   0x00000002   PAD
    0x200045a8   0x00000070   Code   RO          681    i.svcThreadCreate   RTX_CM4.lib(rt_cmsis.o)
    0x20004618   0x0000001c   Code   RO          682    i.svcThreadGetId    RTX_CM4.lib(rt_cmsis.o)
    0x20004634   0x00000038   Code   RO          685    i.svcThreadTerminate  RTX_CM4.lib(rt_cmsis.o)
    0x2000466c   0x00000018   Code   RO          687    i.svcTimerCall      RTX_CM4.lib(rt_cmsis.o)
    0x20004684   0x0000005c   Code   RO          696    i.sysTimerTick      RTX_CM4.lib(rt_cmsis.o)
    0x200046e0   0x00000010   Data   RO            6    .constdata          main.o
    0x200046f0   0x00000068   Data   RO          140    .constdata          rtx_conf_cm.o
    0x20004758   0x00000080   Data   RO          178    .constdata          usart_stm32f4xx.o
    0x200047d8   0x00000010   Data   RO          317    .constdata          system_stm32f4xx.o
    0x200047e8   0x00000010   Data   RO          482    .constdata          stm32f4xx_hal_rcc.o
    0x200047f8   0x00000008   Data   RO          533    .constdata          stm32f4xx_hal_dma.o
    0x20004800   0x00000020   Data   RO         1846    Region$$Table       anon$$obj.o


    Execution Region RW_IRAM1 (Base: 0x20010000, Size: 0x00000d88, Max: 0x00010000, ABSOLUTE)

    Base Addr    Size         Type   Attr      Idx    E Section Name        Object

    0x20010000   0x00000010   Data   RW          141    .data               rtx_conf_cm.o
    0x20010010   0x00000004   Data   RW          318    .data               system_stm32f4xx.o
    0x20010014   0x00000004   Data   RW          352    .data               stm32f4xx_hal.o
    0x20010018   0x00000008   Data   RW          699    .data               RTX_CM4.lib(rt_cmsis.o)
    0x20010020   0x00000008   Data   RW         1242    .data               RTX_CM4.lib(rt_task.o)
    0x20010028   0x00000008   Data   RW         1327    .data               RTX_CM4.lib(rt_system.o)
    0x20010030   0x00000004   Data   RW         1621    .data               RTX_CM4.lib(rt_time.o)
    0x20010034   0x00000001   Data   RW         1741    .data               RTX_CM4.lib(hal_cm.o)
    0x20010035   0x00000003   PAD
    0x20010038   0x00000008   Data   RW         1789    .data               RTX_CM4.lib(rt_robin.o)
    0x20010040   0x000008a8   Zero   RW          139    .bss                rtx_conf_cm.o
    0x200108e8   0x00000038   Zero   RW          177    .bss                usart_stm32f4xx.o
    0x20010920   0x00000034   Zero   RW         1241    .bss                RTX_CM4.lib(rt_task.o)
    0x20010954   0x00000030   Zero   RW         1461    .bss                RTX_CM4.lib(rt_list.o)
    0x20010984   0x00000004   PAD
    0x20010988   0x00000400   Zero   RW          306    STACK               startup_stm32f407xx.o



  Load Region LR$$.ARM.__AT_0x1FFFC000 (Base: 0x1fffc000, Size: 0x00000004, Max: 0x00000004, ABSOLUTE)

    Execution Region ER$$.ARM.__AT_0x1FFFC000 (Base: 0x1fffc000, Size: 0x00000004, Max: 0x00000004, ABSOLUTE, UNINIT)

    Base Addr    Size         Type   Attr      Idx    E Section Name        Object

    0x1fffc000   0x00000004   Code   RO          134    .ARM.__AT_0x1FFFC000  stm32f40xxx_41xxx_opt.o


==============================================================================

Image component sizes


      Code (inc. data)   RO Data    RW Data    ZI Data      Debug   Object Name

       396         28         16          0          0      82052   main.o
        62          6        104         16       2216      11922   rtx_conf_cm.o
        36          8        392          0       1024        832   startup_stm32f407xx.o
         4          4          0          0          0        176   stm32f40xxx_41xxx_opt.o
       432         26          0          4          0       5002   stm32f4xx_hal.o
       852         22          0          0          0      33595   stm32f4xx_hal_cortex.o
      1560         16          8          0          0       5216   stm32f4xx_hal_dma.o
       972         50          0          0          0       3903   stm32f4xx_hal_gpio.o
      2636         66         16          0          0       5810   stm32f4xx_hal_rcc.o
       288         32         16          4          0       1595   system_stm32f4xx.o
      5444        138        128          0         56     380816   usart_stm32f4xx.o

    ----------------------------------------------------------------------
     12684        396        712         24       3296     530919   Object Totals
         0          0         32          0          0          0   (incl. Generated)
         2          0          0          0          0          0   (incl. Padding)

    ----------------------------------------------------------------------

      Code (inc. data)   RO Data    RW Data    ZI Data      Debug   Library Member Name

       268         24          0          1          0       4452   hal_cm.o
       408         34          0          0          0        816   hal_cm4.o
      1160        146          0          8          0      34974   rt_cmsis.o
        80          4          0          0          0        701   rt_event.o
       530         34          0          0         48       8597   rt_list.o
       554         10          0          0          0       4189   rt_mailbox.o
       140          0          0          0          0       2045   rt_membox.o
       128          0          0          0          0       2419   rt_memory.o
        96         22          0          8          0       1230   rt_robin.o
        52          4          0          0          0        613   rt_semaphore.o
       298         52          0          8          0       6439   rt_system.o
      1216        174          0          8         52      10025   rt_task.o
         6          0          0          4          0        684   rt_time.o
         4          4          0          0          0        200   svc_table.o
         0          0          0          0          0          0   entry.o
         0          0          0          0          0          0   entry10a.o
         0          0          0          0          0          0   entry11a.o
         8          4          0          0          0          0   entry2.o
         4          0          0          0          0          0   entry5.o
         0          0          0          0          0          0   entry7b.o
         0          0          0          0          0          0   entry8b.o
        30          0          0          0          0          0   handlers.o
        36          8          0          0          0         68   init.o
        36          0          0          0          0        108   memseta.o

    ----------------------------------------------------------------------
      5072        520          0         40        104      77560   Library Totals
        18          0          0          3          4          0   (incl. Padding)

    ----------------------------------------------------------------------

      Code (inc. data)   RO Data    RW Data    ZI Data      Debug   Library Name

      4940        508          0         37        100      77384   RTX_CM4.lib
       114         12          0          0          0        176   mc_w.l

    ----------------------------------------------------------------------
      5072        520          0         40        104      77560   Library Totals

    ----------------------------------------------------------------------

==============================================================================


      Code (inc. data)   RO Data    RW Data    ZI Data      Debug   

     17756        916        712         64       3400     599883   Grand Totals
     17756        916        712         64       3400     599883   ELF Image Totals
     17756        916        712         64          0          0   ROM Totals

==============================================================================

    Total RO  Size (Code + RO Data)                18468 (  18.04kB)
    Total RW  Size (RW Data + ZI Data)              3464 (   3.38kB)
    Total ROM Size (Code + RO Data + RW Data)      18532 (  18.10kB)

==============================================================================

